Archive member included to satisfy reference by file (symbol)

C:/ti/simplelink_msp432e4_sdk_4_20_00_12/source\ti/display/lib/display.am4fg(Display.om4fg)
                              ./MLX90614.o (Display_doOpen)
C:/ti/simplelink_msp432e4_sdk_4_20_00_12/source\ti/display/lib/display.am4fg(DisplayUart.om4fg)
                              ./syscfg/ti_drivers_config.o (DisplayUartMin_fxnTable)
C:/ti/simplelink_msp432e4_sdk_4_20_00_12/source\ti/drivers/lib/drivers_msp432e4.am4fg(GPIOMSP432E4.om4fg)
                              ./MLX90614.o (GPIO_setConfig)
C:/ti/simplelink_msp432e4_sdk_4_20_00_12/source\ti/drivers/lib/drivers_msp432e4.am4fg(I2C.om4fg)
                              ./MLX90614.o (I2C_close)
C:/ti/simplelink_msp432e4_sdk_4_20_00_12/source\ti/drivers/lib/drivers_msp432e4.am4fg(I2CMSP432E4.om4fg)
                              ./syscfg/ti_drivers_config.o (I2CMSP432E4_fxnTable)
C:/ti/simplelink_msp432e4_sdk_4_20_00_12/source\ti/drivers/lib/drivers_msp432e4.am4fg(PowerMSP432E4.om4fg)
                              ./syscfg/ti_drivers_config.o (Power_init)
C:/ti/simplelink_msp432e4_sdk_4_20_00_12/source\ti/drivers/lib/drivers_msp432e4.am4fg(UART.om4fg)
                              C:/ti/simplelink_msp432e4_sdk_4_20_00_12/source\ti/display/lib/display.am4fg(DisplayUart.om4fg) (UART_close)
C:/ti/simplelink_msp432e4_sdk_4_20_00_12/source\ti/drivers/lib/drivers_msp432e4.am4fg(UARTMSP432E4.om4fg)
                              ./syscfg/ti_drivers_config.o (UARTMSP432E4_fxnTable)
C:/ti/simplelink_msp432e4_sdk_4_20_00_12/source\ti/drivers/lib/drivers_msp432e4.am4fg(RingBuf.om4fg)
                              C:/ti/simplelink_msp432e4_sdk_4_20_00_12/source\ti/drivers/lib/drivers_msp432e4.am4fg(UARTMSP432E4.om4fg) (RingBuf_construct)
C:/Users/Ravonte/workspace_v10/freertos_builds_MSP_EXP432E401Y_release_gcc/Debug\libfreertos_builds_MSP_EXP432E401Y_release_gcc.a(ClockP_freertos.o)
                              C:/ti/simplelink_msp432e4_sdk_4_20_00_12/source\ti/drivers/lib/drivers_msp432e4.am4fg(UARTMSP432E4.om4fg) (ClockP_create)
C:/Users/Ravonte/workspace_v10/freertos_builds_MSP_EXP432E401Y_release_gcc/Debug\libfreertos_builds_MSP_EXP432E401Y_release_gcc.a(HwiPMSP432E4_freertos.o)
                              C:/ti/simplelink_msp432e4_sdk_4_20_00_12/source\ti/drivers/lib/drivers_msp432e4.am4fg(GPIOMSP432E4.om4fg) (HwiP_disable)
C:/Users/Ravonte/workspace_v10/freertos_builds_MSP_EXP432E401Y_release_gcc/Debug\libfreertos_builds_MSP_EXP432E401Y_release_gcc.a(PowerMSP432E4_freertos.o)
                              ./syscfg/ti_drivers_config.o (PowerMSP432E4_sleepPolicy)
C:/Users/Ravonte/workspace_v10/freertos_builds_MSP_EXP432E401Y_release_gcc/Debug\libfreertos_builds_MSP_EXP432E401Y_release_gcc.a(SemaphoreP_freertos.o)
                              C:/ti/simplelink_msp432e4_sdk_4_20_00_12/source\ti/display/lib/display.am4fg(DisplayUart.om4fg) (SemaphoreP_createBinary)
C:/Users/Ravonte/workspace_v10/freertos_builds_MSP_EXP432E401Y_release_gcc/Debug\libfreertos_builds_MSP_EXP432E401Y_release_gcc.a(SystemP_freertos.o)
                              C:/ti/simplelink_msp432e4_sdk_4_20_00_12/source\ti/display/lib/display.am4fg(DisplayUart.om4fg) (SystemP_snprintf)
C:/Users/Ravonte/workspace_v10/freertos_builds_MSP_EXP432E401Y_release_gcc/Debug\libfreertos_builds_MSP_EXP432E401Y_release_gcc.a(heap_4.o)
                              C:/Users/Ravonte/workspace_v10/freertos_builds_MSP_EXP432E401Y_release_gcc/Debug\libfreertos_builds_MSP_EXP432E401Y_release_gcc.a(ClockP_freertos.o) (pvPortMalloc)
C:/Users/Ravonte/workspace_v10/freertos_builds_MSP_EXP432E401Y_release_gcc/Debug\libfreertos_builds_MSP_EXP432E401Y_release_gcc.a(queue.o)
                              C:/Users/Ravonte/workspace_v10/freertos_builds_MSP_EXP432E401Y_release_gcc/Debug\libfreertos_builds_MSP_EXP432E401Y_release_gcc.a(SemaphoreP_freertos.o) (xQueueGenericCreate)
C:/Users/Ravonte/workspace_v10/freertos_builds_MSP_EXP432E401Y_release_gcc/Debug\libfreertos_builds_MSP_EXP432E401Y_release_gcc.a(tasks.o)
                              C:/Users/Ravonte/workspace_v10/freertos_builds_MSP_EXP432E401Y_release_gcc/Debug\libfreertos_builds_MSP_EXP432E401Y_release_gcc.a(heap_4.o) (vTaskSuspendAll)
C:/Users/Ravonte/workspace_v10/freertos_builds_MSP_EXP432E401Y_release_gcc/Debug\libfreertos_builds_MSP_EXP432E401Y_release_gcc.a(timers.o)
                              C:/Users/Ravonte/workspace_v10/freertos_builds_MSP_EXP432E401Y_release_gcc/Debug\libfreertos_builds_MSP_EXP432E401Y_release_gcc.a(tasks.o) (xTimerCreateTimerTask)
C:/Users/Ravonte/workspace_v10/freertos_builds_MSP_EXP432E401Y_release_gcc/Debug\libfreertos_builds_MSP_EXP432E401Y_release_gcc.a(port.o)
                              C:/Users/Ravonte/workspace_v10/freertos_builds_MSP_EXP432E401Y_release_gcc/Debug\libfreertos_builds_MSP_EXP432E401Y_release_gcc.a(tasks.o) (pxPortInitialiseStack)
[...]
Memory Configuration

Name             Origin             Length             Attributes
FLASH            0x00000000         0x00100000         xr
SRAM             0x20000000         0x00040000         xrw
*default*        0x00000000         0xffffffff

Linker script and memory map

LOAD ./MLX90614.o
LOAD ./i2ctmp.o
LOAD ./syscfg/ti_drivers_config.o
LOAD ./main_freertos.o
                0x00000800                STACKSIZE = 0x800
                0x00000000                PROVIDE (_intvecs_base_address = DEFINED (_intvecs_base_address)?_intvecs_base_address:0x0)

.intvecs        0x00000000      0x200
 *(.intvecs)
 .intvecs       0x00000000      0x200 C:/Users/Ravonte/workspace_v10/freertos_builds_MSP_EXP432E401Y_release_gcc/Debug\libfreertos_builds_MSP_EXP432E401Y_release_gcc.a(startup_msp432e4_gcc.o)
                0x00000000                interruptVectors
                0x20000000                PROVIDE (_vtable_base_address = DEFINED (_vtable_base_address)?_vtable_base_address:0x20000000)

.vtable
 *(.vtable)

.text           0x00000200     0x85c4
 CREATE_OBJECT_SYMBOLS
 *(.text)
 .text          0x00000200      0x254 c:/ti/ccs1020/ccs/tools/compiler/gcc-arm-none-eabi-9-2019-q4-major/bin/../lib/gcc/arm-none-eabi/9.2.1/thumb/v7e-m+fp/hard\libgcc.a(_arm_muldf3.o)
                0x00000200                __muldf3
                0x00000200                __aeabi_dmul
 .text          0x00000454      0x378 c:/ti/ccs1020/ccs/tools/compiler/gcc-arm-none-eabi-9-2019-q4-major/bin/../lib/gcc/arm-none-eabi/9.2.1/thumb/v7e-m+fp/hard\libgcc.a(_arm_addsubdf3.o)
                0x00000454                __aeabi_drsub
                0x0000045c                __aeabi_dsub
                0x0000045c                __subdf3
                0x00000460                __aeabi_dadd
                0x00000460                __adddf3
                0x000006d8                __floatunsidf
                0x000006d8                __aeabi_ui2d
                0x000006f8                __floatsidf
                0x000006f8                __aeabi_i2d
                0x0000071c                __aeabi_f2d
                0x0000071c                __extendsfdf2
                0x00000760                __floatundidf
                0x00000760                __aeabi_ul2d
                0x00000770                __floatdidf
                0x00000770                __aeabi_l2d
 .text          0x000007cc      0x110 c:/ti/ccs1020/ccs/tools/compiler/gcc-arm-none-eabi-9-2019-q4-major/bin/../lib/gcc/arm-none-eabi/9.2.1/thumb/v7e-m+fp/hard\libgcc.a(_arm_cmpdf2.o)
                0x000007cc                __gtdf2
                0x000007cc                __gedf2
                0x000007d4                __ltdf2
                0x000007d4                __ledf2
                0x000007dc                __nedf2
                0x000007dc                __eqdf2
                0x000007dc                __cmpdf2
                0x00000858                __aeabi_cdrcmple
                0x00000868                __aeabi_cdcmpeq
                0x00000868                __aeabi_cdcmple
                0x00000878                __aeabi_dcmpeq
                0x0000088c                __aeabi_dcmplt
                0x000008a0                __aeabi_dcmple
                0x000008b4                __aeabi_dcmpge
                0x000008c8                __aeabi_dcmpgt
 .text          0x000008dc       0x50 c:/ti/ccs1020/ccs/tools/compiler/gcc-arm-none-eabi-9-2019-q4-major/bin/../lib/gcc/arm-none-eabi/9.2.1/thumb/v7e-m+fp/hard\libgcc.a(_arm_fixdfsi.o)
                0x000008dc                __aeabi_d2iz
                0x000008dc                __fixdfsi
 .text          0x0000092c       0x40 c:/ti/ccs1020/ccs/tools/compiler/gcc-arm-none-eabi-9-2019-q4-major/bin/../lib/gcc/arm-none-eabi/9.2.1/thumb/v7e-m+fp/hard\libgcc.a(_arm_fixunsdfsi.o)
                0x0000092c                __aeabi_d2uiz
                0x0000092c                __fixunsdfsi
 .text          0x0000096c       0x10 c:/ti/ccs1020/ccs/tools/compiler/gcc-arm-none-eabi-9-2019-q4-major/bin/../lib/gcc/arm-none-eabi/9.2.1/../../../../arm-none-eabi/lib/thumb/v7e-m+fp/hard\libc_nano.a(lib_a-strlen.o)
                0x0000096c                strlen
 *(.text.*)
 *fill*         0x0000097c        0x4 
 .text.mainThread
                0x00000980      0x278 ./MLX90614.o
                0x00000980                mainThread
 .text.i2cErrorHandler
                0x00000bf8      0x11c ./MLX90614.o
 .text.Board_initHook
                0x00000d14        0xe ./syscfg/ti_drivers_config.o
                0x00000d14                Board_initHook
 *fill*         0x00000d22        0x2 
 .text.Board_init
                0x00000d24       0x38 ./syscfg/ti_drivers_config.o
                0x00000d24                Board_init
 .text.main     0x00000d5c       0x7c ./main_freertos.o
                0x00000d5c                main
 .text.vApplicationStackOverflowHook
                0x00000dd8        0xc ./main_freertos.o
                0x00000dd8                vApplicationStackOverflowHook
 .text.Display_doOpen
                0x00000de4       0x60 C:/ti/simplelink_msp432e4_sdk_4_20_00_12/source\ti/display/lib/display.am4fg(Display.om4fg)
                0x00000de4                Display_doOpen
 .text.Display_doPrintf
                0x00000e44       0x24 C:/ti/simplelink_msp432e4_sdk_4_20_00_12/source\ti/display/lib/display.am4fg(Display.om4fg)
                0x00000e44                Display_doPrintf
 .text.Display_doInit
                0x00000e68       0x2c C:/ti/simplelink_msp432e4_sdk_4_20_00_12/source\ti/display/lib/display.am4fg(Display.om4fg)
                0x00000e68                Display_doInit
 .text.DisplayUartMin_init
                0x00000e94        0x4 C:/ti/simplelink_msp432e4_sdk_4_20_00_12/source\ti/display/lib/display.am4fg(DisplayUart.om4fg)
                0x00000e94                DisplayUartMin_init
 .text.DisplayUartMin_clearLines
                0x00000e98        0x4 C:/ti/simplelink_msp432e4_sdk_4_20_00_12/source\ti/display/lib/display.am4fg(DisplayUart.om4fg)
                0x00000e98                DisplayUartMin_clearLines
 .text.DisplayUartMin_control
                0x00000e9c        0x8 C:/ti/simplelink_msp432e4_sdk_4_20_00_12/source\ti/display/lib/display.am4fg(DisplayUart.om4fg)
                0x00000e9c                DisplayUartMin_control
 .text.DisplayUartMin_getType
                0x00000ea4        0x8 C:/ti/simplelink_msp432e4_sdk_4_20_00_12/source\ti/display/lib/display.am4fg(DisplayUart.om4fg)
                0x00000ea4                DisplayUartMin_getType
 .text.DisplayUartMin_open
                0x00000eac       0x48 C:/ti/simplelink_msp432e4_sdk_4_20_00_12/source\ti/display/lib/display.am4fg(DisplayUart.om4fg)
                0x00000eac                DisplayUartMin_open
 .text.DisplayUartMin_vprintf
                0x00000ef4       0x4c C:/ti/simplelink_msp432e4_sdk_4_20_00_12/source\ti/display/lib/display.am4fg(DisplayUart.om4fg)
                0x00000ef4                DisplayUartMin_vprintf
 .text.DisplayUartMin_close
                0x00000f40       0x18 C:/ti/simplelink_msp432e4_sdk_4_20_00_12/source\ti/display/lib/display.am4fg(DisplayUart.om4fg)
                0x00000f40                DisplayUartMin_close
 .text.DisplayUartMin_clear
                0x00000f58        0x4 C:/ti/simplelink_msp432e4_sdk_4_20_00_12/source\ti/display/lib/display.am4fg(DisplayUart.om4fg)
                0x00000f58                DisplayUartMin_clear
 .text.GPIO_hwiIntFxn
                0x00000f5c       0x60 C:/ti/simplelink_msp432e4_sdk_4_20_00_12/source\ti/drivers/lib/drivers_msp432e4.am4fg(GPIOMSP432E4.om4fg)
                0x00000f5c                GPIO_hwiIntFxn
 .text.GPIO_setCallback
                0x00000fbc       0x5c C:/ti/simplelink_msp432e4_sdk_4_20_00_12/source\ti/drivers/lib/drivers_msp432e4.am4fg(GPIOMSP432E4.om4fg)
                0x00000fbc                GPIO_setCallback
 .text.GPIO_setConfig
                0x00001018      0x1c4 C:/ti/simplelink_msp432e4_sdk_4_20_00_12/source\ti/drivers/lib/drivers_msp432e4.am4fg(GPIOMSP432E4.om4fg)
                0x00001018                GPIO_setConfig
 .text.GPIO_init
                0x000011dc       0xdc C:/ti/simplelink_msp432e4_sdk_4_20_00_12/source\ti/drivers/lib/drivers_msp432e4.am4fg(GPIOMSP432E4.om4fg)
                0x000011dc                GPIO_init
 .text.GPIO_write
                0x000012b8       0x50 C:/ti/simplelink_msp432e4_sdk_4_20_00_12/source\ti/drivers/lib/drivers_msp432e4.am4fg(GPIOMSP432E4.om4fg)
                0x000012b8                GPIO_write
 .text.GPIOMSP432E4_getGpioBaseAddr
                0x00001308       0x14 C:/ti/simplelink_msp432e4_sdk_4_20_00_12/source\ti/drivers/lib/drivers_msp432e4.am4fg(GPIOMSP432E4.om4fg)
                0x00001308                GPIOMSP432E4_getGpioBaseAddr
 .text.GPIOMSP432E4_getPowerResourceId
                0x0000131c       0x14 C:/ti/simplelink_msp432e4_sdk_4_20_00_12/source\ti/drivers/lib/drivers_msp432e4.am4fg(GPIOMSP432E4.om4fg)
                0x0000131c                GPIOMSP432E4_getPowerResourceId
 .text.GPIOMSP432E4_undoPinConfig
                0x00001330       0x4c C:/ti/simplelink_msp432e4_sdk_4_20_00_12/source\ti/drivers/lib/drivers_msp432e4.am4fg(GPIOMSP432E4.om4fg)
                0x00001330                GPIOMSP432E4_undoPinConfig
 .text.I2C_close
                0x0000137c        0x8 C:/ti/simplelink_msp432e4_sdk_4_20_00_12/source\ti/drivers/lib/drivers_msp432e4.am4fg(I2C.om4fg)
                0x0000137c                I2C_close
 .text.I2C_init
                0x00001384       0x4c C:/ti/simplelink_msp432e4_sdk_4_20_00_12/source\ti/drivers/lib/drivers_msp432e4.am4fg(I2C.om4fg)
                0x00001384                I2C_init
 .text.I2C_open
                0x000013d0       0x44 C:/ti/simplelink_msp432e4_sdk_4_20_00_12/source\ti/drivers/lib/drivers_msp432e4.am4fg(I2C.om4fg)
                0x000013d0                I2C_open
 .text.I2C_Params_init
                0x00001414        0xc C:/ti/simplelink_msp432e4_sdk_4_20_00_12/source\ti/drivers/lib/drivers_msp432e4.am4fg(I2C.om4fg)
                0x00001414                I2C_Params_init
 .text.I2C_transfer
                0x00001420       0x14 C:/ti/simplelink_msp432e4_sdk_4_20_00_12/source\ti/drivers/lib/drivers_msp432e4.am4fg(I2C.om4fg)
                0x00001420                I2C_transfer
 .text.I2CMSP432E4_getPowerMgrId
                0x00001434       0x98 C:/ti/simplelink_msp432e4_sdk_4_20_00_12/source\ti/drivers/lib/drivers_msp432e4.am4fg(I2CMSP432E4.om4fg)
 .text.I2CMSP432E4_control
                0x000014cc        0x8 C:/ti/simplelink_msp432e4_sdk_4_20_00_12/source\ti/drivers/lib/drivers_msp432e4.am4fg(I2CMSP432E4.om4fg)
                0x000014cc                I2CMSP432E4_control
 .text.I2CMSP432E4_init
                0x000014d4        0x4 C:/ti/simplelink_msp432e4_sdk_4_20_00_12/source\ti/drivers/lib/drivers_msp432e4.am4fg(I2CMSP432E4.om4fg)
                0x000014d4                I2CMSP432E4_init
 .text.I2CMSP432E4_cancel
                0x000014d8       0x2c C:/ti/simplelink_msp432e4_sdk_4_20_00_12/source\ti/drivers/lib/drivers_msp432e4.am4fg(I2CMSP432E4.om4fg)
                0x000014d8                I2CMSP432E4_cancel
 .text.I2CMSP432E4_close
                0x00001504       0x70 C:/ti/simplelink_msp432e4_sdk_4_20_00_12/source\ti/drivers/lib/drivers_msp432e4.am4fg(I2CMSP432E4.om4fg)
                0x00001504                I2CMSP432E4_close
 .text.I2CMSP432E4_blockingCallback
                0x00001574        0x8 C:/ti/simplelink_msp432e4_sdk_4_20_00_12/source\ti/drivers/lib/drivers_msp432e4.am4fg(I2CMSP432E4.om4fg)
 .text.I2CMSP432E4_primeReadBurst.isra.0
                0x0000157c       0x6c C:/ti/simplelink_msp432e4_sdk_4_20_00_12/source\ti/drivers/lib/drivers_msp432e4.am4fg(I2CMSP432E4.om4fg)
 .text.I2CMSP432E4_initHw.isra.0
                0x000015e8       0x7c C:/ti/simplelink_msp432e4_sdk_4_20_00_12/source\ti/drivers/lib/drivers_msp432e4.am4fg(I2CMSP432E4.om4fg)
 .text.I2CMSP432E4_open
                0x00001664      0x138 C:/ti/simplelink_msp432e4_sdk_4_20_00_12/source\ti/drivers/lib/drivers_msp432e4.am4fg(I2CMSP432E4.om4fg)
                0x00001664                I2CMSP432E4_open
 .text.I2CMSP432E4_primeWriteBurst
                0x0000179c       0x98 C:/ti/simplelink_msp432e4_sdk_4_20_00_12/source\ti/drivers/lib/drivers_msp432e4.am4fg(I2CMSP432E4.om4fg)
 .text.I2CMSP432E4_primeTransfer
                0x00001834       0x80 C:/ti/simplelink_msp432e4_sdk_4_20_00_12/source\ti/drivers/lib/drivers_msp432e4.am4fg(I2CMSP432E4.om4fg)
 .text.I2CMSP432E4_transfer
                0x000018b4      0x11c C:/ti/simplelink_msp432e4_sdk_4_20_00_12/source\ti/drivers/lib/drivers_msp432e4.am4fg(I2CMSP432E4.om4fg)
                0x000018b4                I2CMSP432E4_transfer
 .text.I2CMSP432E4_reset
                0x000019d0       0xe8 C:/ti/simplelink_msp432e4_sdk_4_20_00_12/source\ti/drivers/lib/drivers_msp432e4.am4fg(I2CMSP432E4.om4fg)
                0x000019d0                I2CMSP432E4_reset
 .text.I2CMSP432E4_completeTransfer
                0x00001ab8       0xc8 C:/ti/simplelink_msp432e4_sdk_4_20_00_12/source\ti/drivers/lib/drivers_msp432e4.am4fg(I2CMSP432E4.om4fg)
 .text.I2CMSP432E4_hwiFxn
                0x00001b80      0x1c4 C:/ti/simplelink_msp432e4_sdk_4_20_00_12/source\ti/drivers/lib/drivers_msp432e4.am4fg(I2CMSP432E4.om4fg)
 .text.Power_idleFunc
                0x00001d44       0x18 C:/ti/simplelink_msp432e4_sdk_4_20_00_12/source\ti/drivers/lib/drivers_msp432e4.am4fg(PowerMSP432E4.om4fg)
                0x00001d44                Power_idleFunc
 .text.Power_init
                0x00001d5c       0x68 C:/ti/simplelink_msp432e4_sdk_4_20_00_12/source\ti/drivers/lib/drivers_msp432e4.am4fg(PowerMSP432E4.om4fg)
                0x00001d5c                Power_init
 .text.Power_releaseDependency
                0x00001dc4       0x74 C:/ti/simplelink_msp432e4_sdk_4_20_00_12/source\ti/drivers/lib/drivers_msp432e4.am4fg(PowerMSP432E4.om4fg)
                0x00001dc4                Power_releaseDependency
 .text.Power_setDependency
                0x00001e38       0x6c C:/ti/simplelink_msp432e4_sdk_4_20_00_12/source\ti/drivers/lib/drivers_msp432e4.am4fg(PowerMSP432E4.om4fg)
                0x00001e38                Power_setDependency
 .text.UART_close
                0x00001ea4        0x8 C:/ti/simplelink_msp432e4_sdk_4_20_00_12/source\ti/drivers/lib/drivers_msp432e4.am4fg(UART.om4fg)
                0x00001ea4                UART_close
 .text.UART_control
                0x00001eac        0x8 C:/ti/simplelink_msp432e4_sdk_4_20_00_12/source\ti/drivers/lib/drivers_msp432e4.am4fg(UART.om4fg)
                0x00001eac                UART_control
 .text.UART_init
                0x00001eb4       0x4c C:/ti/simplelink_msp432e4_sdk_4_20_00_12/source\ti/drivers/lib/drivers_msp432e4.am4fg(UART.om4fg)
                0x00001eb4                UART_init
 .text.UART_open
                0x00001f00       0x44 C:/ti/simplelink_msp432e4_sdk_4_20_00_12/source\ti/drivers/lib/drivers_msp432e4.am4fg(UART.om4fg)
                0x00001f00                UART_open
 .text.UART_Params_init
                0x00001f44       0x1c C:/ti/simplelink_msp432e4_sdk_4_20_00_12/source\ti/drivers/lib/drivers_msp432e4.am4fg(UART.om4fg)
                0x00001f44                UART_Params_init
 .text.UART_write
                0x00001f60        0x8 C:/ti/simplelink_msp432e4_sdk_4_20_00_12/source\ti/drivers/lib/drivers_msp432e4.am4fg(UART.om4fg)
                0x00001f60                UART_write
 .text.UARTMSP432E4_init
                0x00001f68        0x4 C:/ti/simplelink_msp432e4_sdk_4_20_00_12/source\ti/drivers/lib/drivers_msp432e4.am4fg(UARTMSP432E4.om4fg)
                0x00001f68                UARTMSP432E4_init
 .text.getPowerResourceId
                0x00001f6c       0x78 C:/ti/simplelink_msp432e4_sdk_4_20_00_12/source\ti/drivers/lib/drivers_msp432e4.am4fg(UARTMSP432E4.om4fg)
 .text.UARTMSP432E4_close
                0x00001fe4       0xb4 C:/ti/simplelink_msp432e4_sdk_4_20_00_12/source\ti/drivers/lib/drivers_msp432e4.am4fg(UARTMSP432E4.om4fg)
                0x00001fe4                UARTMSP432E4_close
 .text.UARTMSP432E4_control
                0x00002098       0x9c C:/ti/simplelink_msp432e4_sdk_4_20_00_12/source\ti/drivers/lib/drivers_msp432e4.am4fg(UARTMSP432E4.om4fg)
                0x00002098                UARTMSP432E4_control
 .text.UARTMSP432E4_read
                0x00002134       0x40 C:/ti/simplelink_msp432e4_sdk_4_20_00_12/source\ti/drivers/lib/drivers_msp432e4.am4fg(UARTMSP432E4.om4fg)
                0x00002134                UARTMSP432E4_read
 .text.UARTMSP432E4_readCancel
                0x00002174       0x38 C:/ti/simplelink_msp432e4_sdk_4_20_00_12/source\ti/drivers/lib/drivers_msp432e4.am4fg(UARTMSP432E4.om4fg)
                0x00002174                UARTMSP432E4_readCancel
 .text.UARTMSP432E4_writeCancel
                0x000021ac       0x4c C:/ti/simplelink_msp432e4_sdk_4_20_00_12/source\ti/drivers/lib/drivers_msp432e4.am4fg(UARTMSP432E4.om4fg)
                0x000021ac                UARTMSP432E4_writeCancel
 .text.UARTMSP432E4_open
                0x000021f8      0x324 C:/ti/simplelink_msp432e4_sdk_4_20_00_12/source\ti/drivers/lib/drivers_msp432e4.am4fg(UARTMSP432E4.om4fg)
                0x000021f8                UARTMSP432E4_open
 .text.readBlockingTimeout
                0x0000251c       0x10 C:/ti/simplelink_msp432e4_sdk_4_20_00_12/source\ti/drivers/lib/drivers_msp432e4.am4fg(UARTMSP432E4.om4fg)
 .text.readSemCallback
                0x0000252c        0x8 C:/ti/simplelink_msp432e4_sdk_4_20_00_12/source\ti/drivers/lib/drivers_msp432e4.am4fg(UARTMSP432E4.om4fg)
 .text.writeSemCallback
                0x00002534        0x8 C:/ti/simplelink_msp432e4_sdk_4_20_00_12/source\ti/drivers/lib/drivers_msp432e4.am4fg(UARTMSP432E4.om4fg)
 .text.writeData
                0x0000253c       0x90 C:/ti/simplelink_msp432e4_sdk_4_20_00_12/source\ti/drivers/lib/drivers_msp432e4.am4fg(UARTMSP432E4.om4fg)
 .text.UARTMSP432E4_hwiIntFxn
                0x000025cc       0x58 C:/ti/simplelink_msp432e4_sdk_4_20_00_12/source\ti/drivers/lib/drivers_msp432e4.am4fg(UARTMSP432E4.om4fg)
 .text.UARTMSP432E4_writePolling
                0x00002624       0x5c C:/ti/simplelink_msp432e4_sdk_4_20_00_12/source\ti/drivers/lib/drivers_msp432e4.am4fg(UARTMSP432E4.om4fg)
                0x00002624                UARTMSP432E4_writePolling
 .text.readIsrTextBlocking
                0x00002680       0xb8 C:/ti/simplelink_msp432e4_sdk_4_20_00_12/source\ti/drivers/lib/drivers_msp432e4.am4fg(UARTMSP432E4.om4fg)
 .text.readIsrBinaryBlocking
                0x00002738       0x7c C:/ti/simplelink_msp432e4_sdk_4_20_00_12/source\ti/drivers/lib/drivers_msp432e4.am4fg(UARTMSP432E4.om4fg)
 .text.UARTMSP432E4_write
                0x000027b4       0xb8 C:/ti/simplelink_msp432e4_sdk_4_20_00_12/source\ti/drivers/lib/drivers_msp432e4.am4fg(UARTMSP432E4.om4fg)
                0x000027b4                UARTMSP432E4_write
 .text.ringBufGet.isra.0
                0x0000286c       0x64 C:/ti/simplelink_msp432e4_sdk_4_20_00_12/source\ti/drivers/lib/drivers_msp432e4.am4fg(UARTMSP432E4.om4fg)
 .text.readTaskCallback
                0x000028d0       0xc8 C:/ti/simplelink_msp432e4_sdk_4_20_00_12/source\ti/drivers/lib/drivers_msp432e4.am4fg(UARTMSP432E4.om4fg)
 .text.readIsrTextCallback
                0x00002998       0x9c C:/ti/simplelink_msp432e4_sdk_4_20_00_12/source\ti/drivers/lib/drivers_msp432e4.am4fg(UARTMSP432E4.om4fg)
 .text.readIsrBinaryCallback
                0x00002a34       0x78 C:/ti/simplelink_msp432e4_sdk_4_20_00_12/source\ti/drivers/lib/drivers_msp432e4.am4fg(UARTMSP432E4.om4fg)
 .text.readTaskBlocking
                0x00002aac       0xb0 C:/ti/simplelink_msp432e4_sdk_4_20_00_12/source\ti/drivers/lib/drivers_msp432e4.am4fg(UARTMSP432E4.om4fg)
 .text.UARTMSP432E4_readPolling
                0x00002b5c       0xac C:/ti/simplelink_msp432e4_sdk_4_20_00_12/source\ti/drivers/lib/drivers_msp432e4.am4fg(UARTMSP432E4.om4fg)
                0x00002b5c                UARTMSP432E4_readPolling
 .text.RingBuf_construct
                0x00002c08       0x14 C:/ti/simplelink_msp432e4_sdk_4_20_00_12/source\ti/drivers/lib/drivers_msp432e4.am4fg(RingBuf.om4fg)
                0x00002c08                RingBuf_construct
 .text.RingBuf_get
                0x00002c1c       0x40 C:/ti/simplelink_msp432e4_sdk_4_20_00_12/source\ti/drivers/lib/drivers_msp432e4.am4fg(RingBuf.om4fg)
                0x00002c1c                RingBuf_get
 .text.RingBuf_isFull
                0x00002c5c       0x10 C:/ti/simplelink_msp432e4_sdk_4_20_00_12/source\ti/drivers/lib/drivers_msp432e4.am4fg(RingBuf.om4fg)
                0x00002c5c                RingBuf_isFull
 .text.RingBuf_peek
                0x00002c6c       0x1c C:/ti/simplelink_msp432e4_sdk_4_20_00_12/source\ti/drivers/lib/drivers_msp432e4.am4fg(RingBuf.om4fg)
                0x00002c6c                RingBuf_peek
 .text.RingBuf_put
                0x00002c88       0x48 C:/ti/simplelink_msp432e4_sdk_4_20_00_12/source\ti/drivers/lib/drivers_msp432e4.am4fg(RingBuf.om4fg)
                0x00002c88                RingBuf_put
 .text.ClockP_callbackFxn
                0x00002cd0       0x4a C:/Users/Ravonte/workspace_v10/freertos_builds_MSP_EXP432E401Y_release_gcc/Debug\libfreertos_builds_MSP_EXP432E401Y_release_gcc.a(ClockP_freertos.o)
                0x00002cd0                ClockP_callbackFxn
 *fill*         0x00002d1a        0x2 
 .text.ClockP_create
                0x00002d1c       0xb8 C:/Users/Ravonte/workspace_v10/freertos_builds_MSP_EXP432E401Y_release_gcc/Debug\libfreertos_builds_MSP_EXP432E401Y_release_gcc.a(ClockP_freertos.o)
                0x00002d1c                ClockP_create
 .text.ClockP_delete
                0x00002dd4       0x58 C:/Users/Ravonte/workspace_v10/freertos_builds_MSP_EXP432E401Y_release_gcc/Debug\libfreertos_builds_MSP_EXP432E401Y_release_gcc.a(ClockP_freertos.o)
                0x00002dd4                ClockP_delete
 .text.ClockP_getCpuFreq
                0x00002e2c       0x28 C:/Users/Ravonte/workspace_v10/freertos_builds_MSP_EXP432E401Y_release_gcc/Debug\libfreertos_builds_MSP_EXP432E401Y_release_gcc.a(ClockP_freertos.o)
                0x00002e2c                ClockP_getCpuFreq
 .text.ClockP_Params_init
                0x00002e54       0x26 C:/Users/Ravonte/workspace_v10/freertos_builds_MSP_EXP432E401Y_release_gcc/Debug\libfreertos_builds_MSP_EXP432E401Y_release_gcc.a(ClockP_freertos.o)
                0x00002e54                ClockP_Params_init
 .text.ClockP_setTimeout
                0x00002e7a       0x20 C:/Users/Ravonte/workspace_v10/freertos_builds_MSP_EXP432E401Y_release_gcc/Debug\libfreertos_builds_MSP_EXP432E401Y_release_gcc.a(ClockP_freertos.o)
                0x00002e7a                ClockP_setTimeout
 .text.ClockP_start
                0x00002e9a       0x2c C:/Users/Ravonte/workspace_v10/freertos_builds_MSP_EXP432E401Y_release_gcc/Debug\libfreertos_builds_MSP_EXP432E401Y_release_gcc.a(ClockP_freertos.o)
                0x00002e9a                ClockP_start
 *fill*         0x00002ec6        0x2 
 .text.ClockP_stop
                0x00002ec8       0x70 C:/Users/Ravonte/workspace_v10/freertos_builds_MSP_EXP432E401Y_release_gcc/Debug\libfreertos_builds_MSP_EXP432E401Y_release_gcc.a(ClockP_freertos.o)
                0x00002ec8                ClockP_stop
 .text.setClockObjTimeout
                0x00002f38       0x80 C:/Users/Ravonte/workspace_v10/freertos_builds_MSP_EXP432E401Y_release_gcc/Debug\libfreertos_builds_MSP_EXP432E401Y_release_gcc.a(ClockP_freertos.o)
 .text.HwiP_disable
                0x00002fb8       0x34 C:/Users/Ravonte/workspace_v10/freertos_builds_MSP_EXP432E401Y_release_gcc/Debug\libfreertos_builds_MSP_EXP432E401Y_release_gcc.a(HwiPMSP432E4_freertos.o)
                0x00002fb8                HwiP_disable
 .text.HwiP_restore
                0x00002fec       0x2c C:/Users/Ravonte/workspace_v10/freertos_builds_MSP_EXP432E401Y_release_gcc/Debug\libfreertos_builds_MSP_EXP432E401Y_release_gcc.a(HwiPMSP432E4_freertos.o)
                0x00002fec                HwiP_restore
 .text.HwiP_delete
                0x00003018       0x20 C:/Users/Ravonte/workspace_v10/freertos_builds_MSP_EXP432E401Y_release_gcc/Debug\libfreertos_builds_MSP_EXP432E401Y_release_gcc.a(HwiPMSP432E4_freertos.o)
                0x00003018                HwiP_delete
 .text.HwiP_disableInterrupt
                0x00003038       0x18 C:/Users/Ravonte/workspace_v10/freertos_builds_MSP_EXP432E401Y_release_gcc/Debug\libfreertos_builds_MSP_EXP432E401Y_release_gcc.a(HwiPMSP432E4_freertos.o)
                0x00003038                HwiP_disableInterrupt
 .text.HwiP_dispatch
                0x00003050       0x58 C:/Users/Ravonte/workspace_v10/freertos_builds_MSP_EXP432E401Y_release_gcc/Debug\libfreertos_builds_MSP_EXP432E401Y_release_gcc.a(HwiPMSP432E4_freertos.o)
                0x00003050                HwiP_dispatch
 .text.HwiP_enableInterrupt
                0x000030a8       0x18 C:/Users/Ravonte/workspace_v10/freertos_builds_MSP_EXP432E401Y_release_gcc/Debug\libfreertos_builds_MSP_EXP432E401Y_release_gcc.a(HwiPMSP432E4_freertos.o)
                0x000030a8                HwiP_enableInterrupt
 .text.HwiP_create
                0x000030c0       0x78 C:/Users/Ravonte/workspace_v10/freertos_builds_MSP_EXP432E401Y_release_gcc/Debug\libfreertos_builds_MSP_EXP432E401Y_release_gcc.a(HwiPMSP432E4_freertos.o)
                0x000030c0                HwiP_create
 .text.HwiP_inISR
                0x00003138       0x2c C:/Users/Ravonte/workspace_v10/freertos_builds_MSP_EXP432E401Y_release_gcc/Debug\libfreertos_builds_MSP_EXP432E401Y_release_gcc.a(HwiPMSP432E4_freertos.o)
                0x00003138                HwiP_inISR
 .text.HwiP_Params_init
                0x00003164       0x28 C:/Users/Ravonte/workspace_v10/freertos_builds_MSP_EXP432E401Y_release_gcc/Debug\libfreertos_builds_MSP_EXP432E401Y_release_gcc.a(HwiPMSP432E4_freertos.o)
                0x00003164                HwiP_Params_init
 .text.PowerMSP432E4_sleepPolicy
                0x0000318c       0x20 C:/Users/Ravonte/workspace_v10/freertos_builds_MSP_EXP432E401Y_release_gcc/Debug\libfreertos_builds_MSP_EXP432E401Y_release_gcc.a(PowerMSP432E4_freertos.o)
                0x0000318c                PowerMSP432E4_sleepPolicy
 .text.vPortSuppressTicksAndSleep
                0x000031ac       0x14 C:/Users/Ravonte/workspace_v10/freertos_builds_MSP_EXP432E401Y_release_gcc/Debug\libfreertos_builds_MSP_EXP432E401Y_release_gcc.a(PowerMSP432E4_freertos.o)
                0x000031ac                vPortSuppressTicksAndSleep
 .text.SemaphoreP_createBinary
                0x000031c0       0x3a C:/Users/Ravonte/workspace_v10/freertos_builds_MSP_EXP432E401Y_release_gcc/Debug\libfreertos_builds_MSP_EXP432E401Y_release_gcc.a(SemaphoreP_freertos.o)
                0x000031c0                SemaphoreP_createBinary
 .text.SemaphoreP_delete
                0x000031fa       0x16 C:/Users/Ravonte/workspace_v10/freertos_builds_MSP_EXP432E401Y_release_gcc/Debug\libfreertos_builds_MSP_EXP432E401Y_release_gcc.a(SemaphoreP_freertos.o)
                0x000031fa                SemaphoreP_delete
 .text.SemaphoreP_pend
                0x00003210       0x42 C:/Users/Ravonte/workspace_v10/freertos_builds_MSP_EXP432E401Y_release_gcc/Debug\libfreertos_builds_MSP_EXP432E401Y_release_gcc.a(SemaphoreP_freertos.o)
                0x00003210                SemaphoreP_pend
 .text.SemaphoreP_post
                0x00003252       0x3a C:/Users/Ravonte/workspace_v10/freertos_builds_MSP_EXP432E401Y_release_gcc/Debug\libfreertos_builds_MSP_EXP432E401Y_release_gcc.a(SemaphoreP_freertos.o)
                0x00003252                SemaphoreP_post
 .text.SystemP_vsnprintf
                0x0000328c       0x26 C:/Users/Ravonte/workspace_v10/freertos_builds_MSP_EXP432E401Y_release_gcc/Debug\libfreertos_builds_MSP_EXP432E401Y_release_gcc.a(SystemP_freertos.o)
                0x0000328c                SystemP_vsnprintf
 *fill*         0x000032b2        0x6 
 .text.doPrint  0x000032b8      0x4bc C:/Users/Ravonte/workspace_v10/freertos_builds_MSP_EXP432E401Y_release_gcc/Debug\libfreertos_builds_MSP_EXP432E401Y_release_gcc.a(SystemP_freertos.o)
 .text.formatNum
                0x00003774       0xb0 C:/Users/Ravonte/workspace_v10/freertos_builds_MSP_EXP432E401Y_release_gcc/Debug\libfreertos_builds_MSP_EXP432E401Y_release_gcc.a(SystemP_freertos.o)
 .text.putChar  0x00003824       0x3c C:/Users/Ravonte/workspace_v10/freertos_builds_MSP_EXP432E401Y_release_gcc/Debug\libfreertos_builds_MSP_EXP432E401Y_release_gcc.a(SystemP_freertos.o)
 .text.pvPortMalloc
                0x00003860      0x1c0 C:/Users/Ravonte/workspace_v10/freertos_builds_MSP_EXP432E401Y_release_gcc/Debug\libfreertos_builds_MSP_EXP432E401Y_release_gcc.a(heap_4.o)
                0x00003860                pvPortMalloc
 .text.vPortFree
                0x00003a20       0xc4 C:/Users/Ravonte/workspace_v10/freertos_builds_MSP_EXP432E401Y_release_gcc/Debug\libfreertos_builds_MSP_EXP432E401Y_release_gcc.a(heap_4.o)
                0x00003a20                vPortFree
 .text.prvHeapInit
                0x00003ae4       0xc4 C:/Users/Ravonte/workspace_v10/freertos_builds_MSP_EXP432E401Y_release_gcc/Debug\libfreertos_builds_MSP_EXP432E401Y_release_gcc.a(heap_4.o)
 .text.prvInsertBlockIntoFreeList
                0x00003ba8       0xb4 C:/Users/Ravonte/workspace_v10/freertos_builds_MSP_EXP432E401Y_release_gcc/Debug\libfreertos_builds_MSP_EXP432E401Y_release_gcc.a(heap_4.o)
 .text.xQueueGenericReset
                0x00003c5c       0xd0 C:/Users/Ravonte/workspace_v10/freertos_builds_MSP_EXP432E401Y_release_gcc/Debug\libfreertos_builds_MSP_EXP432E401Y_release_gcc.a(queue.o)
                0x00003c5c                xQueueGenericReset
 .text.xQueueGenericCreate
                0x00003d2c       0xbe C:/Users/Ravonte/workspace_v10/freertos_builds_MSP_EXP432E401Y_release_gcc/Debug\libfreertos_builds_MSP_EXP432E401Y_release_gcc.a(queue.o)
                0x00003d2c                xQueueGenericCreate
 .text.prvInitialiseNewQueue
                0x00003dea       0x46 C:/Users/Ravonte/workspace_v10/freertos_builds_MSP_EXP432E401Y_release_gcc/Debug\libfreertos_builds_MSP_EXP432E401Y_release_gcc.a(queue.o)
 .text.xQueueGenericSend
                0x00003e30      0x1fc C:/Users/Ravonte/workspace_v10/freertos_builds_MSP_EXP432E401Y_release_gcc/Debug\libfreertos_builds_MSP_EXP432E401Y_release_gcc.a(queue.o)
                0x00003e30                xQueueGenericSend
 .text.xQueueGenericSendFromISR
                0x0000402c      0x154 C:/Users/Ravonte/workspace_v10/freertos_builds_MSP_EXP432E401Y_release_gcc/Debug\libfreertos_builds_MSP_EXP432E401Y_release_gcc.a(queue.o)
                0x0000402c                xQueueGenericSendFromISR
 .text.xQueueGiveFromISR
                0x00004180      0x138 C:/Users/Ravonte/workspace_v10/freertos_builds_MSP_EXP432E401Y_release_gcc/Debug\libfreertos_builds_MSP_EXP432E401Y_release_gcc.a(queue.o)
                0x00004180                xQueueGiveFromISR
 .text.xQueueReceive
                0x000042b8      0x1c0 C:/Users/Ravonte/workspace_v10/freertos_builds_MSP_EXP432E401Y_release_gcc/Debug\libfreertos_builds_MSP_EXP432E401Y_release_gcc.a(queue.o)
                0x000042b8                xQueueReceive
 .text.xQueueSemaphoreTake
                0x00004478      0x218 C:/Users/Ravonte/workspace_v10/freertos_builds_MSP_EXP432E401Y_release_gcc/Debug\libfreertos_builds_MSP_EXP432E401Y_release_gcc.a(queue.o)
                0x00004478                xQueueSemaphoreTake
 .text.xQueueReceiveFromISR
                0x00004690      0x11e C:/Users/Ravonte/workspace_v10/freertos_builds_MSP_EXP432E401Y_release_gcc/Debug\libfreertos_builds_MSP_EXP432E401Y_release_gcc.a(queue.o)
                0x00004690                xQueueReceiveFromISR
 .text.vQueueDelete
                0x000047ae       0x36 C:/Users/Ravonte/workspace_v10/freertos_builds_MSP_EXP432E401Y_release_gcc/Debug\libfreertos_builds_MSP_EXP432E401Y_release_gcc.a(queue.o)
                0x000047ae                vQueueDelete
 .text.prvGetDisinheritPriorityAfterTimeout
                0x000047e4       0x30 C:/Users/Ravonte/workspace_v10/freertos_builds_MSP_EXP432E401Y_release_gcc/Debug\libfreertos_builds_MSP_EXP432E401Y_release_gcc.a(queue.o)
 .text.prvCopyDataToQueue
                0x00004814       0xd4 C:/Users/Ravonte/workspace_v10/freertos_builds_MSP_EXP432E401Y_release_gcc/Debug\libfreertos_builds_MSP_EXP432E401Y_release_gcc.a(queue.o)
 .text.prvCopyDataFromQueue
                0x000048e8       0x4c C:/Users/Ravonte/workspace_v10/freertos_builds_MSP_EXP432E401Y_release_gcc/Debug\libfreertos_builds_MSP_EXP432E401Y_release_gcc.a(queue.o)
 .text.prvUnlockQueue
                0x00004934       0xa4 C:/Users/Ravonte/workspace_v10/freertos_builds_MSP_EXP432E401Y_release_gcc/Debug\libfreertos_builds_MSP_EXP432E401Y_release_gcc.a(queue.o)
 .text.prvIsQueueEmpty
                0x000049d8       0x2c C:/Users/Ravonte/workspace_v10/freertos_builds_MSP_EXP432E401Y_release_gcc/Debug\libfreertos_builds_MSP_EXP432E401Y_release_gcc.a(queue.o)
 .text.prvIsQueueFull
                0x00004a04       0x30 C:/Users/Ravonte/workspace_v10/freertos_builds_MSP_EXP432E401Y_release_gcc/Debug\libfreertos_builds_MSP_EXP432E401Y_release_gcc.a(queue.o)
 .text.vQueueWaitForMessageRestricted
                0x00004a34       0x68 C:/Users/Ravonte/workspace_v10/freertos_builds_MSP_EXP432E401Y_release_gcc/Debug\libfreertos_builds_MSP_EXP432E401Y_release_gcc.a(queue.o)
                0x00004a34                vQueueWaitForMessageRestricted
 .text.xTaskCreate
                0x00004a9c       0x82 C:/Users/Ravonte/workspace_v10/freertos_builds_MSP_EXP432E401Y_release_gcc/Debug\libfreertos_builds_MSP_EXP432E401Y_release_gcc.a(tasks.o)
                0x00004a9c                xTaskCreate
 *fill*         0x00004b1e        0x2 
 .text.prvInitialiseNewTask
                0x00004b20      0x16c C:/Users/Ravonte/workspace_v10/freertos_builds_MSP_EXP432E401Y_release_gcc/Debug\libfreertos_builds_MSP_EXP432E401Y_release_gcc.a(tasks.o)
 .text.prvAddNewTaskToReadyList
                0x00004c8c       0xdc C:/Users/Ravonte/workspace_v10/freertos_builds_MSP_EXP432E401Y_release_gcc/Debug\libfreertos_builds_MSP_EXP432E401Y_release_gcc.a(tasks.o)
 .text.vTaskDelete
                0x00004d68      0x120 C:/Users/Ravonte/workspace_v10/freertos_builds_MSP_EXP432E401Y_release_gcc/Debug\libfreertos_builds_MSP_EXP432E401Y_release_gcc.a(tasks.o)
                0x00004d68                vTaskDelete
 .text.vTaskDelay
                0x00004e88       0x68 C:/Users/Ravonte/workspace_v10/freertos_builds_MSP_EXP432E401Y_release_gcc/Debug\libfreertos_builds_MSP_EXP432E401Y_release_gcc.a(tasks.o)
                0x00004e88                vTaskDelay
 .text.vTaskSuspend
                0x00004ef0      0x140 C:/Users/Ravonte/workspace_v10/freertos_builds_MSP_EXP432E401Y_release_gcc/Debug\libfreertos_builds_MSP_EXP432E401Y_release_gcc.a(tasks.o)
                0x00004ef0                vTaskSuspend
 .text.vTaskStartScheduler
                0x00005030       0xb8 C:/Users/Ravonte/workspace_v10/freertos_builds_MSP_EXP432E401Y_release_gcc/Debug\libfreertos_builds_MSP_EXP432E401Y_release_gcc.a(tasks.o)
                0x00005030                vTaskStartScheduler
 .text.vTaskSuspendAll
                0x000050e8       0x1c C:/Users/Ravonte/workspace_v10/freertos_builds_MSP_EXP432E401Y_release_gcc/Debug\libfreertos_builds_MSP_EXP432E401Y_release_gcc.a(tasks.o)
                0x000050e8                vTaskSuspendAll
 .text.prvGetExpectedIdleTime
                0x00005104       0x74 C:/Users/Ravonte/workspace_v10/freertos_builds_MSP_EXP432E401Y_release_gcc/Debug\libfreertos_builds_MSP_EXP432E401Y_release_gcc.a(tasks.o)
 .text.xTaskResumeAll
                0x00005178      0x138 C:/Users/Ravonte/workspace_v10/freertos_builds_MSP_EXP432E401Y_release_gcc/Debug\libfreertos_builds_MSP_EXP432E401Y_release_gcc.a(tasks.o)
                0x00005178                xTaskResumeAll
 .text.xTaskGetTickCount
                0x000052b0       0x20 C:/Users/Ravonte/workspace_v10/freertos_builds_MSP_EXP432E401Y_release_gcc/Debug\libfreertos_builds_MSP_EXP432E401Y_release_gcc.a(tasks.o)
                0x000052b0                xTaskGetTickCount
 .text.xTaskIncrementTick
                0x000052d0      0x154 C:/Users/Ravonte/workspace_v10/freertos_builds_MSP_EXP432E401Y_release_gcc/Debug\libfreertos_builds_MSP_EXP432E401Y_release_gcc.a(tasks.o)
                0x000052d0                xTaskIncrementTick
 .text.vTaskSetApplicationTaskTag
                0x00005424       0x38 C:/Users/Ravonte/workspace_v10/freertos_builds_MSP_EXP432E401Y_release_gcc/Debug\libfreertos_builds_MSP_EXP432E401Y_release_gcc.a(tasks.o)
                0x00005424                vTaskSetApplicationTaskTag
 .text.xTaskGetApplicationTaskTag
                0x0000545c       0x34 C:/Users/Ravonte/workspace_v10/freertos_builds_MSP_EXP432E401Y_release_gcc/Debug\libfreertos_builds_MSP_EXP432E401Y_release_gcc.a(tasks.o)
                0x0000545c                xTaskGetApplicationTaskTag
 .text.vTaskSwitchContext
                0x00005490      0x110 C:/Users/Ravonte/workspace_v10/freertos_builds_MSP_EXP432E401Y_release_gcc/Debug\libfreertos_builds_MSP_EXP432E401Y_release_gcc.a(tasks.o)
                0x00005490                vTaskSwitchContext
 .text.vTaskPlaceOnEventList
                0x000055a0       0x48 C:/Users/Ravonte/workspace_v10/freertos_builds_MSP_EXP432E401Y_release_gcc/Debug\libfreertos_builds_MSP_EXP432E401Y_release_gcc.a(tasks.o)
                0x000055a0                vTaskPlaceOnEventList
 .text.vTaskPlaceOnEventListRestricted
                0x000055e8       0x58 C:/Users/Ravonte/workspace_v10/freertos_builds_MSP_EXP432E401Y_release_gcc/Debug\libfreertos_builds_MSP_EXP432E401Y_release_gcc.a(tasks.o)
                0x000055e8                vTaskPlaceOnEventListRestricted
 .text.xTaskRemoveFromEventList
                0x00005640       0xc8 C:/Users/Ravonte/workspace_v10/freertos_builds_MSP_EXP432E401Y_release_gcc/Debug\libfreertos_builds_MSP_EXP432E401Y_release_gcc.a(tasks.o)
                0x00005640                xTaskRemoveFromEventList
 .text.vTaskInternalSetTimeOutState
                0x00005708       0x2c C:/Users/Ravonte/workspace_v10/freertos_builds_MSP_EXP432E401Y_release_gcc/Debug\libfreertos_builds_MSP_EXP432E401Y_release_gcc.a(tasks.o)
                0x00005708                vTaskInternalSetTimeOutState
 .text.xTaskCheckForTimeOut
                0x00005734       0xcc C:/Users/Ravonte/workspace_v10/freertos_builds_MSP_EXP432E401Y_release_gcc/Debug\libfreertos_builds_MSP_EXP432E401Y_release_gcc.a(tasks.o)
                0x00005734                xTaskCheckForTimeOut
 .text.vTaskMissedYield
                0x00005800       0x18 C:/Users/Ravonte/workspace_v10/freertos_builds_MSP_EXP432E401Y_release_gcc/Debug\libfreertos_builds_MSP_EXP432E401Y_release_gcc.a(tasks.o)
                0x00005800                vTaskMissedYield
 .text.prvIdleTask
                0x00005818       0x60 C:/Users/Ravonte/workspace_v10/freertos_builds_MSP_EXP432E401Y_release_gcc/Debug\libfreertos_builds_MSP_EXP432E401Y_release_gcc.a(tasks.o)
 .text.prvInitialiseTaskLists
                0x00005878       0x80 C:/Users/Ravonte/workspace_v10/freertos_builds_MSP_EXP432E401Y_release_gcc/Debug\libfreertos_builds_MSP_EXP432E401Y_release_gcc.a(tasks.o)
 .text.prvCheckTasksWaitingTermination
                0x000058f8       0x5c C:/Users/Ravonte/workspace_v10/freertos_builds_MSP_EXP432E401Y_release_gcc/Debug\libfreertos_builds_MSP_EXP432E401Y_release_gcc.a(tasks.o)
 .text.prvDeleteTCB
                0x00005954       0x2a C:/Users/Ravonte/workspace_v10/freertos_builds_MSP_EXP432E401Y_release_gcc/Debug\libfreertos_builds_MSP_EXP432E401Y_release_gcc.a(tasks.o)
 *fill*         0x0000597e        0x2 
 .text.prvResetNextTaskUnblockTime
                0x00005980       0x38 C:/Users/Ravonte/workspace_v10/freertos_builds_MSP_EXP432E401Y_release_gcc/Debug\libfreertos_builds_MSP_EXP432E401Y_release_gcc.a(tasks.o)
 .text.xTaskGetCurrentTaskHandle
                0x000059b8       0x20 C:/Users/Ravonte/workspace_v10/freertos_builds_MSP_EXP432E401Y_release_gcc/Debug\libfreertos_builds_MSP_EXP432E401Y_release_gcc.a(tasks.o)
                0x000059b8                xTaskGetCurrentTaskHandle
 .text.xTaskGetSchedulerState
                0x000059d8       0x3c C:/Users/Ravonte/workspace_v10/freertos_builds_MSP_EXP432E401Y_release_gcc/Debug\libfreertos_builds_MSP_EXP432E401Y_release_gcc.a(tasks.o)
                0x000059d8                xTaskGetSchedulerState
 .text.xTaskPriorityInherit
                0x00005a14       0xec C:/Users/Ravonte/workspace_v10/freertos_builds_MSP_EXP432E401Y_release_gcc/Debug\libfreertos_builds_MSP_EXP432E401Y_release_gcc.a(tasks.o)
                0x00005a14                xTaskPriorityInherit
 .text.xTaskPriorityDisinherit
                0x00005b00       0xf4 C:/Users/Ravonte/workspace_v10/freertos_builds_MSP_EXP432E401Y_release_gcc/Debug\libfreertos_builds_MSP_EXP432E401Y_release_gcc.a(tasks.o)
                0x00005b00                xTaskPriorityDisinherit
 .text.vTaskPriorityDisinheritAfterTimeout
                0x00005bf4      0x11c C:/Users/Ravonte/workspace_v10/freertos_builds_MSP_EXP432E401Y_release_gcc/Debug\libfreertos_builds_MSP_EXP432E401Y_release_gcc.a(tasks.o)
                0x00005bf4                vTaskPriorityDisinheritAfterTimeout
 .text.pvTaskIncrementMutexHeldCount
                0x00005d10       0x28 C:/Users/Ravonte/workspace_v10/freertos_builds_MSP_EXP432E401Y_release_gcc/Debug\libfreertos_builds_MSP_EXP432E401Y_release_gcc.a(tasks.o)
                0x00005d10                pvTaskIncrementMutexHeldCount
 .text.prvAddCurrentTaskToDelayedList
                0x00005d38       0xcc C:/Users/Ravonte/workspace_v10/freertos_builds_MSP_EXP432E401Y_release_gcc/Debug\libfreertos_builds_MSP_EXP432E401Y_release_gcc.a(tasks.o)
 .text.xTimerCreateTimerTask
                0x00005e04       0x64 C:/Users/Ravonte/workspace_v10/freertos_builds_MSP_EXP432E401Y_release_gcc/Debug\libfreertos_builds_MSP_EXP432E401Y_release_gcc.a(timers.o)
                0x00005e04                xTimerCreateTimerTask
 .text.xTimerCreate
                0x00005e68       0x42 C:/Users/Ravonte/workspace_v10/freertos_builds_MSP_EXP432E401Y_release_gcc/Debug\libfreertos_builds_MSP_EXP432E401Y_release_gcc.a(timers.o)
                0x00005e68                xTimerCreate
 .text.prvInitialiseNewTimer
                0x00005eaa       0x76 C:/Users/Ravonte/workspace_v10/freertos_builds_MSP_EXP432E401Y_release_gcc/Debug\libfreertos_builds_MSP_EXP432E401Y_release_gcc.a(timers.o)
 .text.xTimerGenericCommand
                0x00005f20       0x9c C:/Users/Ravonte/workspace_v10/freertos_builds_MSP_EXP432E401Y_release_gcc/Debug\libfreertos_builds_MSP_EXP432E401Y_release_gcc.a(timers.o)
                0x00005f20                xTimerGenericCommand
 .text.prvProcessExpiredTimer
                0x00005fbc       0x98 C:/Users/Ravonte/workspace_v10/freertos_builds_MSP_EXP432E401Y_release_gcc/Debug\libfreertos_builds_MSP_EXP432E401Y_release_gcc.a(timers.o)
 .text.prvTimerTask
                0x00006054       0x24 C:/Users/Ravonte/workspace_v10/freertos_builds_MSP_EXP432E401Y_release_gcc/Debug\libfreertos_builds_MSP_EXP432E401Y_release_gcc.a(timers.o)
 .text.prvProcessTimerOrBlockTask
                0x00006078       0x9c C:/Users/Ravonte/workspace_v10/freertos_builds_MSP_EXP432E401Y_release_gcc/Debug\libfreertos_builds_MSP_EXP432E401Y_release_gcc.a(timers.o)
 .text.prvGetNextExpireTime
                0x00006114       0x48 C:/Users/Ravonte/workspace_v10/freertos_builds_MSP_EXP432E401Y_release_gcc/Debug\libfreertos_builds_MSP_EXP432E401Y_release_gcc.a(timers.o)
 .text.prvSampleTimeNow
                0x0000615c       0x40 C:/Users/Ravonte/workspace_v10/freertos_builds_MSP_EXP432E401Y_release_gcc/Debug\libfreertos_builds_MSP_EXP432E401Y_release_gcc.a(timers.o)
 .text.prvInsertTimerInActiveList
                0x0000619c       0x84 C:/Users/Ravonte/workspace_v10/freertos_builds_MSP_EXP432E401Y_release_gcc/Debug\libfreertos_builds_MSP_EXP432E401Y_release_gcc.a(timers.o)
 .text.prvProcessReceivedCommands
                0x00006220      0x18c C:/Users/Ravonte/workspace_v10/freertos_builds_MSP_EXP432E401Y_release_gcc/Debug\libfreertos_builds_MSP_EXP432E401Y_release_gcc.a(timers.o)
 .text.prvSwitchTimerLists
                0x000063ac       0xc8 C:/Users/Ravonte/workspace_v10/freertos_builds_MSP_EXP432E401Y_release_gcc/Debug\libfreertos_builds_MSP_EXP432E401Y_release_gcc.a(timers.o)
 .text.prvCheckForValidListAndQueue
                0x00006474       0x54 C:/Users/Ravonte/workspace_v10/freertos_builds_MSP_EXP432E401Y_release_gcc/Debug\libfreertos_builds_MSP_EXP432E401Y_release_gcc.a(timers.o)
 .text.pvTimerGetTimerID
                0x000064c8       0x40 C:/Users/Ravonte/workspace_v10/freertos_builds_MSP_EXP432E401Y_release_gcc/Debug\libfreertos_builds_MSP_EXP432E401Y_release_gcc.a(timers.o)
                0x000064c8                pvTimerGetTimerID
 .text.pxPortInitialiseStack
                0x00006508       0x68 C:/Users/Ravonte/workspace_v10/freertos_builds_MSP_EXP432E401Y_release_gcc/Debug\libfreertos_builds_MSP_EXP432E401Y_release_gcc.a(port.o)
                0x00006508                pxPortInitialiseStack
 .text.prvTaskExitError
                0x00006570       0x58 C:/Users/Ravonte/workspace_v10/freertos_builds_MSP_EXP432E401Y_release_gcc/Debug\libfreertos_builds_MSP_EXP432E401Y_release_gcc.a(port.o)
 *fill*         0x000065c8        0x8 
 .text.vPortSVCHandler
                0x000065d0       0x28 C:/Users/Ravonte/workspace_v10/freertos_builds_MSP_EXP432E401Y_release_gcc/Debug\libfreertos_builds_MSP_EXP432E401Y_release_gcc.a(port.o)
                0x000065d0                vPortSVCHandler
 .text.prvPortStartFirstTask
                0x000065f8       0x2c C:/Users/Ravonte/workspace_v10/freertos_builds_MSP_EXP432E401Y_release_gcc/Debug\libfreertos_builds_MSP_EXP432E401Y_release_gcc.a(port.o)
 .text.xPortStartScheduler
                0x00006624      0x144 C:/Users/Ravonte/workspace_v10/freertos_builds_MSP_EXP432E401Y_release_gcc/Debug\libfreertos_builds_MSP_EXP432E401Y_release_gcc.a(port.o)
                0x00006624                xPortStartScheduler
 .text.vPortEnterCritical
                0x00006768       0x60 C:/Users/Ravonte/workspace_v10/freertos_builds_MSP_EXP432E401Y_release_gcc/Debug\libfreertos_builds_MSP_EXP432E401Y_release_gcc.a(port.o)
                0x00006768                vPortEnterCritical
 .text.vPortExitCritical
                0x000067c8       0x54 C:/Users/Ravonte/workspace_v10/freertos_builds_MSP_EXP432E401Y_release_gcc/Debug\libfreertos_builds_MSP_EXP432E401Y_release_gcc.a(port.o)
                0x000067c8                vPortExitCritical
 *fill*         0x0000681c        0x4 
 .text.xPortPendSVHandler
                0x00006820       0x68 C:/Users/Ravonte/workspace_v10/freertos_builds_MSP_EXP432E401Y_release_gcc/Debug\libfreertos_builds_MSP_EXP432E401Y_release_gcc.a(port.o)
                0x00006820                xPortPendSVHandler
 .text.xPortSysTickHandler
                0x00006888       0x44 C:/Users/Ravonte/workspace_v10/freertos_builds_MSP_EXP432E401Y_release_gcc/Debug\libfreertos_builds_MSP_EXP432E401Y_release_gcc.a(port.o)
                0x00006888                xPortSysTickHandler
 .text.vPortSetupTimerInterrupt
                0x000068cc       0x64 C:/Users/Ravonte/workspace_v10/freertos_builds_MSP_EXP432E401Y_release_gcc/Debug\libfreertos_builds_MSP_EXP432E401Y_release_gcc.a(port.o)
                0x000068cc                vPortSetupTimerInterrupt
 .text.vPortEnableVFP
                0x00006930       0x18 C:/Users/Ravonte/workspace_v10/freertos_builds_MSP_EXP432E401Y_release_gcc/Debug\libfreertos_builds_MSP_EXP432E401Y_release_gcc.a(port.o)
 .text.vPortValidateInterruptPriority
                0x00006948       0x80 C:/Users/Ravonte/workspace_v10/freertos_builds_MSP_EXP432E401Y_release_gcc/Debug\libfreertos_builds_MSP_EXP432E401Y_release_gcc.a(port.o)
                0x00006948                vPortValidateInterruptPriority
 .text.localProgramStart
                0x000069c8       0xbc C:/Users/Ravonte/workspace_v10/freertos_builds_MSP_EXP432E401Y_release_gcc/Debug\libfreertos_builds_MSP_EXP432E401Y_release_gcc.a(startup_msp432e4_gcc.o)
                0x000069c8                localProgramStart
 .text.resetISR
                0x00006a84       0x12 C:/Users/Ravonte/workspace_v10/freertos_builds_MSP_EXP432E401Y_release_gcc/Debug\libfreertos_builds_MSP_EXP432E401Y_release_gcc.a(startup_msp432e4_gcc.o)
                0x00006a84                resetISR
 .text.nmiISR   0x00006a96        0x6 C:/Users/Ravonte/workspace_v10/freertos_builds_MSP_EXP432E401Y_release_gcc/Debug\libfreertos_builds_MSP_EXP432E401Y_release_gcc.a(startup_msp432e4_gcc.o)
 .text.faultISR
                0x00006a9c        0x6 C:/Users/Ravonte/workspace_v10/freertos_builds_MSP_EXP432E401Y_release_gcc/Debug\libfreertos_builds_MSP_EXP432E401Y_release_gcc.a(startup_msp432e4_gcc.o)
 .text.busFaultHandler
                0x00006aa2        0x6 C:/Users/Ravonte/workspace_v10/freertos_builds_MSP_EXP432E401Y_release_gcc/Debug\libfreertos_builds_MSP_EXP432E401Y_release_gcc.a(startup_msp432e4_gcc.o)
 .text.defaultHandler
                0x00006aa8        0x6 C:/Users/Ravonte/workspace_v10/freertos_builds_MSP_EXP432E401Y_release_gcc/Debug\libfreertos_builds_MSP_EXP432E401Y_release_gcc.a(startup_msp432e4_gcc.o)
 .text._fini    0x00006aae        0xe C:/Users/Ravonte/workspace_v10/freertos_builds_MSP_EXP432E401Y_release_gcc/Debug\libfreertos_builds_MSP_EXP432E401Y_release_gcc.a(startup_msp432e4_gcc.o)
                0x00006aae                _fini
 .text.pthread_attr_init
                0x00006abc       0x28 C:/Users/Ravonte/workspace_v10/freertos_builds_MSP_EXP432E401Y_release_gcc/Debug\libfreertos_builds_MSP_EXP432E401Y_release_gcc.a(pthread.o)
                0x00006abc                pthread_attr_init
 .text.pthread_attr_setdetachstate
                0x00006ae4       0x2e C:/Users/Ravonte/workspace_v10/freertos_builds_MSP_EXP432E401Y_release_gcc/Debug\libfreertos_builds_MSP_EXP432E401Y_release_gcc.a(pthread.o)
                0x00006ae4                pthread_attr_setdetachstate
 .text.pthread_attr_setschedparam
                0x00006b12       0x34 C:/Users/Ravonte/workspace_v10/freertos_builds_MSP_EXP432E401Y_release_gcc/Debug\libfreertos_builds_MSP_EXP432E401Y_release_gcc.a(pthread.o)
                0x00006b12                pthread_attr_setschedparam
 .text.pthread_attr_setstacksize
                0x00006b46       0x1e C:/Users/Ravonte/workspace_v10/freertos_builds_MSP_EXP432E401Y_release_gcc/Debug\libfreertos_builds_MSP_EXP432E401Y_release_gcc.a(pthread.o)
                0x00006b46                pthread_attr_setstacksize
 .text.pthread_create
                0x00006b64      0x14c C:/Users/Ravonte/workspace_v10/freertos_builds_MSP_EXP432E401Y_release_gcc/Debug\libfreertos_builds_MSP_EXP432E401Y_release_gcc.a(pthread.o)
                0x00006b64                pthread_create
 .text.pthread_exit
                0x00006cb0       0x74 C:/Users/Ravonte/workspace_v10/freertos_builds_MSP_EXP432E401Y_release_gcc/Debug\libfreertos_builds_MSP_EXP432E401Y_release_gcc.a(pthread.o)
                0x00006cb0                pthread_exit
 .text.pthread_self
                0x00006d24       0x1e C:/Users/Ravonte/workspace_v10/freertos_builds_MSP_EXP432E401Y_release_gcc/Debug\libfreertos_builds_MSP_EXP432E401Y_release_gcc.a(pthread.o)
                0x00006d24                pthread_self
 .text.pthread_setcancelstate
                0x00006d42       0x4e C:/Users/Ravonte/workspace_v10/freertos_builds_MSP_EXP432E401Y_release_gcc/Debug\libfreertos_builds_MSP_EXP432E401Y_release_gcc.a(pthread.o)
                0x00006d42                pthread_setcancelstate
 .text._pthread_cleanup_pop
                0x00006d90       0x32 C:/Users/Ravonte/workspace_v10/freertos_builds_MSP_EXP432E401Y_release_gcc/Debug\libfreertos_builds_MSP_EXP432E401Y_release_gcc.a(pthread.o)
                0x00006d90                _pthread_cleanup_pop
 .text._pthread_runStub
                0x00006dc2       0x28 C:/Users/Ravonte/workspace_v10/freertos_builds_MSP_EXP432E401Y_release_gcc/Debug\libfreertos_builds_MSP_EXP432E401Y_release_gcc.a(pthread.o)
 .text.removeThreadKeys
                0x00006dea       0x86 C:/Users/Ravonte/workspace_v10/freertos_builds_MSP_EXP432E401Y_release_gcc/Debug\libfreertos_builds_MSP_EXP432E401Y_release_gcc.a(pthread.o)
 .text.sleep    0x00006e70       0x50 C:/Users/Ravonte/workspace_v10/freertos_builds_MSP_EXP432E401Y_release_gcc/Debug\libfreertos_builds_MSP_EXP432E401Y_release_gcc.a(sleep.o)
                0x00006e70                sleep
 .text.vListInitialise
                0x00006ec0       0x40 C:/Users/Ravonte/workspace_v10/freertos_builds_MSP_EXP432E401Y_release_gcc/Debug\libfreertos_builds_MSP_EXP432E401Y_release_gcc.a(list.o)
                0x00006ec0                vListInitialise
 .text.vListInitialiseItem
                0x00006f00       0x1a C:/Users/Ravonte/workspace_v10/freertos_builds_MSP_EXP432E401Y_release_gcc/Debug\libfreertos_builds_MSP_EXP432E401Y_release_gcc.a(list.o)
                0x00006f00                vListInitialiseItem
 .text.vListInsertEnd
                0x00006f1a       0x48 C:/Users/Ravonte/workspace_v10/freertos_builds_MSP_EXP432E401Y_release_gcc/Debug\libfreertos_builds_MSP_EXP432E401Y_release_gcc.a(list.o)
                0x00006f1a                vListInsertEnd
 .text.vListInsert
                0x00006f62       0x72 C:/Users/Ravonte/workspace_v10/freertos_builds_MSP_EXP432E401Y_release_gcc/Debug\libfreertos_builds_MSP_EXP432E401Y_release_gcc.a(list.o)
                0x00006f62                vListInsert
 .text.uxListRemove
                0x00006fd4       0x54 C:/Users/Ravonte/workspace_v10/freertos_builds_MSP_EXP432E401Y_release_gcc/Debug\libfreertos_builds_MSP_EXP432E401Y_release_gcc.a(list.o)
                0x00006fd4                uxListRemove
 .text.FPUEnable
                0x00007028       0x20 C:/ti/simplelink_msp432e4_sdk_4_20_00_12/source\ti/devices/msp432e4/driverlib/lib/gcc/m4f/msp432e4_driverlib.a(fpu.o)
                0x00007028                FPUEnable
 .text.GPIODirModeSet
                0x00007048       0x76 C:/ti/simplelink_msp432e4_sdk_4_20_00_12/source\ti/devices/msp432e4/driverlib/lib/gcc/m4f/msp432e4_driverlib.a(gpio.o)
                0x00007048                GPIODirModeSet
 .text.GPIOIntTypeSet
                0x000070be       0xd0 C:/ti/simplelink_msp432e4_sdk_4_20_00_12/source\ti/devices/msp432e4/driverlib/lib/gcc/m4f/msp432e4_driverlib.a(gpio.o)
                0x000070be                GPIOIntTypeSet
 .text.GPIOPadConfigSet
                0x0000718e      0x2a4 C:/ti/simplelink_msp432e4_sdk_4_20_00_12/source\ti/devices/msp432e4/driverlib/lib/gcc/m4f/msp432e4_driverlib.a(gpio.o)
                0x0000718e                GPIOPadConfigSet
 .text.GPIOIntStatus
                0x00007432       0x30 C:/ti/simplelink_msp432e4_sdk_4_20_00_12/source\ti/devices/msp432e4/driverlib/lib/gcc/m4f/msp432e4_driverlib.a(gpio.o)
                0x00007432                GPIOIntStatus
 .text.GPIOIntClear
                0x00007462       0x22 C:/ti/simplelink_msp432e4_sdk_4_20_00_12/source\ti/devices/msp432e4/driverlib/lib/gcc/m4f/msp432e4_driverlib.a(gpio.o)
                0x00007462                GPIOIntClear
 .text.GPIOPinWrite
                0x00007484       0x2c C:/ti/simplelink_msp432e4_sdk_4_20_00_12/source\ti/devices/msp432e4/driverlib/lib/gcc/m4f/msp432e4_driverlib.a(gpio.o)
                0x00007484                GPIOPinWrite
 .text.GPIOPinTypeI2C
                0x000074b0       0x2c C:/ti/simplelink_msp432e4_sdk_4_20_00_12/source\ti/devices/msp432e4/driverlib/lib/gcc/m4f/msp432e4_driverlib.a(gpio.o)
                0x000074b0                GPIOPinTypeI2C
 .text.GPIOPinTypeI2CSCL
                0x000074dc       0x2c C:/ti/simplelink_msp432e4_sdk_4_20_00_12/source\ti/devices/msp432e4/driverlib/lib/gcc/m4f/msp432e4_driverlib.a(gpio.o)
                0x000074dc                GPIOPinTypeI2CSCL
 .text.GPIOPinTypeUART
                0x00007508       0x2c C:/ti/simplelink_msp432e4_sdk_4_20_00_12/source\ti/devices/msp432e4/driverlib/lib/gcc/m4f/msp432e4_driverlib.a(gpio.o)
                0x00007508                GPIOPinTypeUART
 .text.GPIOPinConfigure
                0x00007534       0x5c C:/ti/simplelink_msp432e4_sdk_4_20_00_12/source\ti/devices/msp432e4/driverlib/lib/gcc/m4f/msp432e4_driverlib.a(gpio.o)
                0x00007534                GPIOPinConfigure
 .text.I2CMasterInitExpClk
                0x00007590       0x9c C:/ti/simplelink_msp432e4_sdk_4_20_00_12/source\ti/devices/msp432e4/driverlib/lib/gcc/m4f/msp432e4_driverlib.a(i2c.o)
                0x00007590                I2CMasterInitExpClk
 .text.I2CMasterEnable
                0x0000762c       0x24 C:/ti/simplelink_msp432e4_sdk_4_20_00_12/source\ti/devices/msp432e4/driverlib/lib/gcc/m4f/msp432e4_driverlib.a(i2c.o)
                0x0000762c                I2CMasterEnable
 .text.I2CMasterDisable
                0x00007650       0x24 C:/ti/simplelink_msp432e4_sdk_4_20_00_12/source\ti/devices/msp432e4/driverlib/lib/gcc/m4f/msp432e4_driverlib.a(i2c.o)
                0x00007650                I2CMasterDisable
 .text.I2CMasterIntEnableEx
                0x00007674       0x28 C:/ti/simplelink_msp432e4_sdk_4_20_00_12/source\ti/devices/msp432e4/driverlib/lib/gcc/m4f/msp432e4_driverlib.a(i2c.o)
                0x00007674                I2CMasterIntEnableEx
 .text.I2CMasterIntDisableEx
                0x0000769c       0x28 C:/ti/simplelink_msp432e4_sdk_4_20_00_12/source\ti/devices/msp432e4/driverlib/lib/gcc/m4f/msp432e4_driverlib.a(i2c.o)
                0x0000769c                I2CMasterIntDisableEx
 .text.I2CMasterIntStatusEx
                0x000076c4       0x2c C:/ti/simplelink_msp432e4_sdk_4_20_00_12/source\ti/devices/msp432e4/driverlib/lib/gcc/m4f/msp432e4_driverlib.a(i2c.o)
                0x000076c4                I2CMasterIntStatusEx
 .text.I2CMasterIntClearEx
                0x000076f0       0x20 C:/ti/simplelink_msp432e4_sdk_4_20_00_12/source\ti/devices/msp432e4/driverlib/lib/gcc/m4f/msp432e4_driverlib.a(i2c.o)
                0x000076f0                I2CMasterIntClearEx
 .text.I2CMasterSlaveAddrSet
                0x00007710       0x28 C:/ti/simplelink_msp432e4_sdk_4_20_00_12/source\ti/devices/msp432e4/driverlib/lib/gcc/m4f/msp432e4_driverlib.a(i2c.o)
                0x00007710                I2CMasterSlaveAddrSet
 .text.I2CMasterBusBusy
                0x00007738       0x28 C:/ti/simplelink_msp432e4_sdk_4_20_00_12/source\ti/devices/msp432e4/driverlib/lib/gcc/m4f/msp432e4_driverlib.a(i2c.o)
                0x00007738                I2CMasterBusBusy
 .text.I2CMasterControl
                0x00007760       0x20 C:/ti/simplelink_msp432e4_sdk_4_20_00_12/source\ti/devices/msp432e4/driverlib/lib/gcc/m4f/msp432e4_driverlib.a(i2c.o)
                0x00007760                I2CMasterControl
 .text.I2CTxFIFOConfigSet
                0x00007780       0x40 C:/ti/simplelink_msp432e4_sdk_4_20_00_12/source\ti/devices/msp432e4/driverlib/lib/gcc/m4f/msp432e4_driverlib.a(i2c.o)
                0x00007780                I2CTxFIFOConfigSet
 .text.I2CTxFIFOFlush
                0x000077c0       0x28 C:/ti/simplelink_msp432e4_sdk_4_20_00_12/source\ti/devices/msp432e4/driverlib/lib/gcc/m4f/msp432e4_driverlib.a(i2c.o)
                0x000077c0                I2CTxFIFOFlush
 .text.I2CRxFIFOConfigSet
                0x000077e8       0x40 C:/ti/simplelink_msp432e4_sdk_4_20_00_12/source\ti/devices/msp432e4/driverlib/lib/gcc/m4f/msp432e4_driverlib.a(i2c.o)
                0x000077e8                I2CRxFIFOConfigSet
 .text.I2CRxFIFOFlush
                0x00007828       0x28 C:/ti/simplelink_msp432e4_sdk_4_20_00_12/source\ti/devices/msp432e4/driverlib/lib/gcc/m4f/msp432e4_driverlib.a(i2c.o)
                0x00007828                I2CRxFIFOFlush
 .text.I2CFIFOStatus
                0x00007850       0x1c C:/ti/simplelink_msp432e4_sdk_4_20_00_12/source\ti/devices/msp432e4/driverlib/lib/gcc/m4f/msp432e4_driverlib.a(i2c.o)
                0x00007850                I2CFIFOStatus
 .text.I2CFIFODataPutNonBlocking
                0x0000786c       0x3a C:/ti/simplelink_msp432e4_sdk_4_20_00_12/source\ti/devices/msp432e4/driverlib/lib/gcc/m4f/msp432e4_driverlib.a(i2c.o)
                0x0000786c                I2CFIFODataPutNonBlocking
 .text.I2CFIFODataGetNonBlocking
                0x000078a6       0x3a C:/ti/simplelink_msp432e4_sdk_4_20_00_12/source\ti/devices/msp432e4/driverlib/lib/gcc/m4f/msp432e4_driverlib.a(i2c.o)
                0x000078a6                I2CFIFODataGetNonBlocking
 .text.I2CMasterBurstLengthSet
                0x000078e0       0x22 C:/ti/simplelink_msp432e4_sdk_4_20_00_12/source\ti/devices/msp432e4/driverlib/lib/gcc/m4f/msp432e4_driverlib.a(i2c.o)
                0x000078e0                I2CMasterBurstLengthSet
 .text._IntDefaultHandler
                0x00007902        0x6 C:/ti/simplelink_msp432e4_sdk_4_20_00_12/source\ti/devices/msp432e4/driverlib/lib/gcc/m4f/msp432e4_driverlib.a(interrupt.o)
 .text.IntRegister
                0x00007908       0x64 C:/ti/simplelink_msp432e4_sdk_4_20_00_12/source\ti/devices/msp432e4/driverlib/lib/gcc/m4f/msp432e4_driverlib.a(interrupt.o)
                0x00007908                IntRegister
 .text.IntUnregister
                0x0000796c       0x28 C:/ti/simplelink_msp432e4_sdk_4_20_00_12/source\ti/devices/msp432e4/driverlib/lib/gcc/m4f/msp432e4_driverlib.a(interrupt.o)
                0x0000796c                IntUnregister
 .text.IntPrioritySet
                0x00007994       0x68 C:/ti/simplelink_msp432e4_sdk_4_20_00_12/source\ti/devices/msp432e4/driverlib/lib/gcc/m4f/msp432e4_driverlib.a(interrupt.o)
                0x00007994                IntPrioritySet
 .text.IntEnable
                0x000079fc       0x94 C:/ti/simplelink_msp432e4_sdk_4_20_00_12/source\ti/devices/msp432e4/driverlib/lib/gcc/m4f/msp432e4_driverlib.a(interrupt.o)
                0x000079fc                IntEnable
 .text.IntDisable
                0x00007a90       0x94 C:/ti/simplelink_msp432e4_sdk_4_20_00_12/source\ti/devices/msp432e4/driverlib/lib/gcc/m4f/msp432e4_driverlib.a(interrupt.o)
                0x00007a90                IntDisable
 .text._SysCtlMemTimingGet
                0x00007b24       0x48 C:/ti/simplelink_msp432e4_sdk_4_20_00_12/source\ti/devices/msp432e4/driverlib/lib/gcc/m4f/msp432e4_driverlib.a(sysctl.o)
 .text._SysCtlFrequencyGet
                0x00007b6c       0x9c C:/ti/simplelink_msp432e4_sdk_4_20_00_12/source\ti/devices/msp432e4/driverlib/lib/gcc/m4f/msp432e4_driverlib.a(sysctl.o)
 .text.SysCtlPeripheralPresent
                0x00007c08       0x58 C:/ti/simplelink_msp432e4_sdk_4_20_00_12/source\ti/devices/msp432e4/driverlib/lib/gcc/m4f/msp432e4_driverlib.a(sysctl.o)
                0x00007c08                SysCtlPeripheralPresent
 .text.SysCtlPeripheralReady
                0x00007c60       0x58 C:/ti/simplelink_msp432e4_sdk_4_20_00_12/source\ti/devices/msp432e4/driverlib/lib/gcc/m4f/msp432e4_driverlib.a(sysctl.o)
                0x00007c60                SysCtlPeripheralReady
 .text.SysCtlPeripheralPowerOn
                0x00007cb8       0x50 C:/ti/simplelink_msp432e4_sdk_4_20_00_12/source\ti/devices/msp432e4/driverlib/lib/gcc/m4f/msp432e4_driverlib.a(sysctl.o)
                0x00007cb8                SysCtlPeripheralPowerOn
 .text.SysCtlPeripheralPowerOff
                0x00007d08       0x50 C:/ti/simplelink_msp432e4_sdk_4_20_00_12/source\ti/devices/msp432e4/driverlib/lib/gcc/m4f/msp432e4_driverlib.a(sysctl.o)
                0x00007d08                SysCtlPeripheralPowerOff
 .text.SysCtlPeripheralReset
                0x00007d58       0x9c C:/ti/simplelink_msp432e4_sdk_4_20_00_12/source\ti/devices/msp432e4/driverlib/lib/gcc/m4f/msp432e4_driverlib.a(sysctl.o)
                0x00007d58                SysCtlPeripheralReset
 .text.SysCtlPeripheralEnable
                0x00007df4       0x50 C:/ti/simplelink_msp432e4_sdk_4_20_00_12/source\ti/devices/msp432e4/driverlib/lib/gcc/m4f/msp432e4_driverlib.a(sysctl.o)
                0x00007df4                SysCtlPeripheralEnable
 .text.SysCtlPeripheralDisable
                0x00007e44       0x50 C:/ti/simplelink_msp432e4_sdk_4_20_00_12/source\ti/devices/msp432e4/driverlib/lib/gcc/m4f/msp432e4_driverlib.a(sysctl.o)
                0x00007e44                SysCtlPeripheralDisable
 .text.SysCtlPeripheralSleepEnable
                0x00007e94       0x50 C:/ti/simplelink_msp432e4_sdk_4_20_00_12/source\ti/devices/msp432e4/driverlib/lib/gcc/m4f/msp432e4_driverlib.a(sysctl.o)
                0x00007e94                SysCtlPeripheralSleepEnable
 .text.SysCtlPeripheralSleepDisable
                0x00007ee4       0x50 C:/ti/simplelink_msp432e4_sdk_4_20_00_12/source\ti/devices/msp432e4/driverlib/lib/gcc/m4f/msp432e4_driverlib.a(sysctl.o)
                0x00007ee4                SysCtlPeripheralSleepDisable
 .text.SysCtlPeripheralClockGating
                0x00007f34       0x3c C:/ti/simplelink_msp432e4_sdk_4_20_00_12/source\ti/devices/msp432e4/driverlib/lib/gcc/m4f/msp432e4_driverlib.a(sysctl.o)
                0x00007f34                SysCtlPeripheralClockGating
 .text.SysCtlClockFreqSet
                0x00007f70      0x32c C:/ti/simplelink_msp432e4_sdk_4_20_00_12/source\ti/devices/msp432e4/driverlib/lib/gcc/m4f/msp432e4_driverlib.a(sysctl.o)
                0x00007f70                SysCtlClockFreqSet
 .text.UARTFIFOLevelSet
                0x0000829c       0x26 C:/ti/simplelink_msp432e4_sdk_4_20_00_12/source\ti/devices/msp432e4/driverlib/lib/gcc/m4f/msp432e4_driverlib.a(uart.o)
                0x0000829c                UARTFIFOLevelSet
 .text.UARTConfigSetExpClk
                0x000082c2       0x92 C:/ti/simplelink_msp432e4_sdk_4_20_00_12/source\ti/devices/msp432e4/driverlib/lib/gcc/m4f/msp432e4_driverlib.a(uart.o)
                0x000082c2                UARTConfigSetExpClk
 .text.UARTEnable
                0x00008354       0x38 C:/ti/simplelink_msp432e4_sdk_4_20_00_12/source\ti/devices/msp432e4/driverlib/lib/gcc/m4f/msp432e4_driverlib.a(uart.o)
                0x00008354                UARTEnable
 .text.UARTDisable
                0x0000838c       0x48 C:/ti/simplelink_msp432e4_sdk_4_20_00_12/source\ti/devices/msp432e4/driverlib/lib/gcc/m4f/msp432e4_driverlib.a(uart.o)
                0x0000838c                UARTDisable
 .text.UARTFlowControlSet
                0x000083d4       0x2c C:/ti/simplelink_msp432e4_sdk_4_20_00_12/source\ti/devices/msp432e4/driverlib/lib/gcc/m4f/msp432e4_driverlib.a(uart.o)
                0x000083d4                UARTFlowControlSet
 .text.UARTTxIntModeSet
                0x00008400       0x2c C:/ti/simplelink_msp432e4_sdk_4_20_00_12/source\ti/devices/msp432e4/driverlib/lib/gcc/m4f/msp432e4_driverlib.a(uart.o)
                0x00008400                UARTTxIntModeSet
 .text.UARTCharsAvail
                0x0000842c       0x28 C:/ti/simplelink_msp432e4_sdk_4_20_00_12/source\ti/devices/msp432e4/driverlib/lib/gcc/m4f/msp432e4_driverlib.a(uart.o)
                0x0000842c                UARTCharsAvail
 .text.UARTCharGetNonBlocking
                0x00008454       0x2c C:/ti/simplelink_msp432e4_sdk_4_20_00_12/source\ti/devices/msp432e4/driverlib/lib/gcc/m4f/msp432e4_driverlib.a(uart.o)
                0x00008454                UARTCharGetNonBlocking
 .text.UARTCharGet
                0x00008480       0x28 C:/ti/simplelink_msp432e4_sdk_4_20_00_12/source\ti/devices/msp432e4/driverlib/lib/gcc/m4f/msp432e4_driverlib.a(uart.o)
                0x00008480                UARTCharGet
 .text.UARTCharPutNonBlocking
                0x000084a8       0x32 C:/ti/simplelink_msp432e4_sdk_4_20_00_12/source\ti/devices/msp432e4/driverlib/lib/gcc/m4f/msp432e4_driverlib.a(uart.o)
                0x000084a8                UARTCharPutNonBlocking
 .text.UARTCharPut
                0x000084da       0x2e C:/ti/simplelink_msp432e4_sdk_4_20_00_12/source\ti/devices/msp432e4/driverlib/lib/gcc/m4f/msp432e4_driverlib.a(uart.o)
                0x000084da                UARTCharPut
 .text.UARTBusy
                0x00008508       0x28 C:/ti/simplelink_msp432e4_sdk_4_20_00_12/source\ti/devices/msp432e4/driverlib/lib/gcc/m4f/msp432e4_driverlib.a(uart.o)
                0x00008508                UARTBusy
 .text.UARTIntEnable
                0x00008530       0x28 C:/ti/simplelink_msp432e4_sdk_4_20_00_12/source\ti/devices/msp432e4/driverlib/lib/gcc/m4f/msp432e4_driverlib.a(uart.o)
                0x00008530                UARTIntEnable
 .text.UARTIntDisable
                0x00008558       0x28 C:/ti/simplelink_msp432e4_sdk_4_20_00_12/source\ti/devices/msp432e4/driverlib/lib/gcc/m4f/msp432e4_driverlib.a(uart.o)
                0x00008558                UARTIntDisable
 .text.UARTIntStatus
                0x00008580       0x2c C:/ti/simplelink_msp432e4_sdk_4_20_00_12/source\ti/devices/msp432e4/driverlib/lib/gcc/m4f/msp432e4_driverlib.a(uart.o)
                0x00008580                UARTIntStatus
 .text.UARTIntClear
                0x000085ac       0x20 C:/ti/simplelink_msp432e4_sdk_4_20_00_12/source\ti/devices/msp432e4/driverlib/lib/gcc/m4f/msp432e4_driverlib.a(uart.o)
                0x000085ac                UARTIntClear
 .text.UARTRxErrorGet
                0x000085cc       0x1e C:/ti/simplelink_msp432e4_sdk_4_20_00_12/source\ti/devices/msp432e4/driverlib/lib/gcc/m4f/msp432e4_driverlib.a(uart.o)
                0x000085cc                UARTRxErrorGet
 .text.UARTRxErrorClear
                0x000085ea       0x1e C:/ti/simplelink_msp432e4_sdk_4_20_00_12/source\ti/devices/msp432e4/driverlib/lib/gcc/m4f/msp432e4_driverlib.a(uart.o)
                0x000085ea                UARTRxErrorClear
 .text.__retarget_lock_acquire_recursive
                0x00008608        0x2 c:/ti/ccs1020/ccs/tools/compiler/gcc-arm-none-eabi-9-2019-q4-major/bin/../lib/gcc/arm-none-eabi/9.2.1/../../../../arm-none-eabi/lib/thumb/v7e-m+fp/hard\libc_nano.a(lib_a-lock.o)
                0x00008608                __retarget_lock_acquire_recursive
 .text.__retarget_lock_release_recursive
                0x0000860a        0x2 c:/ti/ccs1020/ccs/tools/compiler/gcc-arm-none-eabi-9-2019-q4-major/bin/../lib/gcc/arm-none-eabi/9.2.1/../../../../arm-none-eabi/lib/thumb/v7e-m+fp/hard\libc_nano.a(lib_a-lock.o)
                0x0000860a                __retarget_lock_release_recursive
 .text.memcpy   0x0000860c       0x1c c:/ti/ccs1020/ccs/tools/compiler/gcc-arm-none-eabi-9-2019-q4-major/bin/../lib/gcc/arm-none-eabi/9.2.1/../../../../arm-none-eabi/lib/thumb/v7e-m+fp/hard\libc_nano.a(lib_a-memcpy-stub.o)
                0x0000860c                memcpy
 .text.memset   0x00008628       0x10 c:/ti/ccs1020/ccs/tools/compiler/gcc-arm-none-eabi-9-2019-q4-major/bin/../lib/gcc/arm-none-eabi/9.2.1/../../../../arm-none-eabi/lib/thumb/v7e-m+fp/hard\libc_nano.a(lib_a-memset.o)
                0x00008628                memset
 .text.cleanup_glue
                0x00008638       0x1a c:/ti/ccs1020/ccs/tools/compiler/gcc-arm-none-eabi-9-2019-q4-major/bin/../lib/gcc/arm-none-eabi/9.2.1/../../../../arm-none-eabi/lib/thumb/v7e-m+fp/hard\libc_nano.a(lib_a-reent.o)
                0x00008638                cleanup_glue
 *fill*         0x00008652        0x2 
 .text._reclaim_reent
                0x00008654       0xb8 c:/ti/ccs1020/ccs/tools/compiler/gcc-arm-none-eabi-9-2019-q4-major/bin/../lib/gcc/arm-none-eabi/9.2.1/../../../../arm-none-eabi/lib/thumb/v7e-m+fp/hard\libc_nano.a(lib_a-reent.o)
                0x00008654                _reclaim_reent
 .text.__malloc_lock
                0x0000870c        0xc c:/ti/ccs1020/ccs/tools/compiler/gcc-arm-none-eabi-9-2019-q4-major/bin/../lib/gcc/arm-none-eabi/9.2.1/../../../../arm-none-eabi/lib/thumb/v7e-m+fp/hard\libc_nano.a(lib_a-mlock.o)
                0x0000870c                __malloc_lock
 .text.__malloc_unlock
                0x00008718        0xc c:/ti/ccs1020/ccs/tools/compiler/gcc-arm-none-eabi-9-2019-q4-major/bin/../lib/gcc/arm-none-eabi/9.2.1/../../../../arm-none-eabi/lib/thumb/v7e-m+fp/hard\libc_nano.a(lib_a-mlock.o)
                0x00008718                __malloc_unlock
 .text._free_r  0x00008724       0xa0 c:/ti/ccs1020/ccs/tools/compiler/gcc-arm-none-eabi-9-2019-q4-major/bin/../lib/gcc/arm-none-eabi/9.2.1/../../../../arm-none-eabi/lib/thumb/v7e-m+fp/hard\libc_nano.a(lib_a-nano-freer.o)
                0x00008724                _free_r
                0x000087c4                . = ALIGN (0x4)
 *(.ctors)
                0x000087c4                . = ALIGN (0x4)
 *(.dtors)
                0x000087c4                . = ALIGN (0x4)
                0x000087c4                __init_array_start = .
 *(.init_array*)
                0x000087c4                __init_array_end = .
 *(.init)
 *(.fini*)
                [!provide]                PROVIDE (__etext = .)
                [!provide]                PROVIDE (_etext = .)
                [!provide]                PROVIDE (etext = .)

.glue_7         0x000087c4        0x0
 .glue_7        0x000087c4        0x0 linker stubs

.glue_7t        0x000087c4        0x0
 .glue_7t       0x000087c4        0x0 linker stubs

.vfp11_veneer   0x000087c4        0x0
 .vfp11_veneer  0x000087c4        0x0 linker stubs

.v4_bx          0x000087c4        0x0
 .v4_bx         0x000087c4        0x0 linker stubs

.iplt           0x000087c4        0x0
 .iplt          0x000087c4        0x0 ./MLX90614.o

.rodata         0x000087c4      0x854
 *(.rodata)
 .rodata        0x000087c4      0x23e ./MLX90614.o
 *fill*         0x00008a02        0x2 
 .rodata        0x00008a04       0x19 C:/Users/Ravonte/workspace_v10/freertos_builds_MSP_EXP432E401Y_release_gcc/Debug\libfreertos_builds_MSP_EXP432E401Y_release_gcc.a(SystemP_freertos.o)
 *fill*         0x00008a1d        0x3 
 .rodata        0x00008a20        0x5 C:/Users/Ravonte/workspace_v10/freertos_builds_MSP_EXP432E401Y_release_gcc/Debug\libfreertos_builds_MSP_EXP432E401Y_release_gcc.a(tasks.o)
 *fill*         0x00008a25        0x3 
 .rodata        0x00008a28        0x8 C:/Users/Ravonte/workspace_v10/freertos_builds_MSP_EXP432E401Y_release_gcc/Debug\libfreertos_builds_MSP_EXP432E401Y_release_gcc.a(timers.o)
 .rodata        0x00008a30        0x2 C:/Users/Ravonte/workspace_v10/freertos_builds_MSP_EXP432E401Y_release_gcc/Debug\libfreertos_builds_MSP_EXP432E401Y_release_gcc.a(pthread.o)
 *(.rodata*)
 *fill*         0x00008a32        0x2 
 .rodata.sensors
                0x00008a34       0x18 ./MLX90614.o
 .rodata.displayUartHWAttrs
                0x00008a4c       0x14 ./syscfg/ti_drivers_config.o
                0x00008a4c                displayUartHWAttrs
 .rodata.Display_config
                0x00008a60        0xc ./syscfg/ti_drivers_config.o
                0x00008a60                Display_config
 .rodata.Display_count
                0x00008a6c        0x1 ./syscfg/ti_drivers_config.o
                0x00008a6c                Display_count
 *fill*         0x00008a6d        0x3 
 .rodata.GPIOMSP432E4_config
                0x00008a70       0x14 ./syscfg/ti_drivers_config.o
                0x00008a70                GPIOMSP432E4_config
 .rodata.i2cMSP432E4HWAttrs
                0x00008a84       0x18 ./syscfg/ti_drivers_config.o
                0x00008a84                i2cMSP432E4HWAttrs
 .rodata.I2C_config
                0x00008a9c        0xc ./syscfg/ti_drivers_config.o
                0x00008a9c                I2C_config
 .rodata.I2C_count
                0x00008aa8        0x1 ./syscfg/ti_drivers_config.o
                0x00008aa8                I2C_count
 *fill*         0x00008aa9        0x3 
 .rodata.PowerMSP432E4_config
                0x00008aac        0x8 ./syscfg/ti_drivers_config.o
                0x00008aac                PowerMSP432E4_config
 .rodata.uartMSP432E4HWAttrs
                0x00008ab4       0x2c ./syscfg/ti_drivers_config.o
 .rodata.UART_config
                0x00008ae0        0xc ./syscfg/ti_drivers_config.o
                0x00008ae0                UART_config
 .rodata.UART_count
                0x00008aec        0x1 ./syscfg/ti_drivers_config.o
                0x00008aec                UART_count
 *fill*         0x00008aed        0x3 
 .rodata.Display_defaultParams
                0x00008af0        0x1 C:/ti/simplelink_msp432e4_sdk_4_20_00_12/source\ti/display/lib/display.am4fg(Display.om4fg)
                0x00008af0                Display_defaultParams
 *fill*         0x00008af1        0x3 
 .rodata.DisplayUartMin_fxnTable
                0x00008af4       0x20 C:/ti/simplelink_msp432e4_sdk_4_20_00_12/source\ti/display/lib/display.am4fg(DisplayUart.om4fg)
                0x00008af4                DisplayUartMin_fxnTable
 .rodata.gpioBaseAddresses
                0x00008b14       0x48 C:/ti/simplelink_msp432e4_sdk_4_20_00_12/source\ti/drivers/lib/drivers_msp432e4.am4fg(GPIOMSP432E4.om4fg)
 .rodata.gpioInterruptVectors
                0x00008b5c       0x20 C:/ti/simplelink_msp432e4_sdk_4_20_00_12/source\ti/drivers/lib/drivers_msp432e4.am4fg(GPIOMSP432E4.om4fg)
 .rodata.inPinTypes
                0x00008b7c        0x3 C:/ti/simplelink_msp432e4_sdk_4_20_00_12/source\ti/drivers/lib/drivers_msp432e4.am4fg(GPIOMSP432E4.om4fg)
 *fill*         0x00008b7f        0x1 
 .rodata.interruptType
                0x00008b80        0x6 C:/ti/simplelink_msp432e4_sdk_4_20_00_12/source\ti/drivers/lib/drivers_msp432e4.am4fg(GPIOMSP432E4.om4fg)
 *fill*         0x00008b86        0x2 
 .rodata.outPinStrengths
                0x00008b88        0x7 C:/ti/simplelink_msp432e4_sdk_4_20_00_12/source\ti/drivers/lib/drivers_msp432e4.am4fg(GPIOMSP432E4.om4fg)
 *fill*         0x00008b8f        0x1 
 .rodata.outPinTypes
                0x00008b90        0x4 C:/ti/simplelink_msp432e4_sdk_4_20_00_12/source\ti/drivers/lib/drivers_msp432e4.am4fg(GPIOMSP432E4.om4fg)
 .rodata.powerMgrIds
                0x00008b94       0x48 C:/ti/simplelink_msp432e4_sdk_4_20_00_12/source\ti/drivers/lib/drivers_msp432e4.am4fg(GPIOMSP432E4.om4fg)
 .rodata.I2C_defaultParams
                0x00008bdc       0x10 C:/ti/simplelink_msp432e4_sdk_4_20_00_12/source\ti/drivers/lib/drivers_msp432e4.am4fg(I2C.om4fg)
                0x00008bdc                I2C_defaultParams
 .rodata.I2CMSP432E4_fxnTable
                0x00008bec       0x18 C:/ti/simplelink_msp432e4_sdk_4_20_00_12/source\ti/drivers/lib/drivers_msp432e4.am4fg(I2CMSP432E4.om4fg)
                0x00008bec                I2CMSP432E4_fxnTable
 .rodata.UART_defaultParams
                0x00008c04       0x24 C:/ti/simplelink_msp432e4_sdk_4_20_00_12/source\ti/drivers/lib/drivers_msp432e4.am4fg(UART.om4fg)
                0x00008c04                UART_defaultParams
 .rodata.UARTMSP432E4_fxnTable
                0x00008c28       0x28 C:/ti/simplelink_msp432e4_sdk_4_20_00_12/source\ti/drivers/lib/drivers_msp432e4.am4fg(UARTMSP432E4.om4fg)
                0x00008c28                UARTMSP432E4_fxnTable
 .rodata.dataLength
                0x00008c50       0x10 C:/ti/simplelink_msp432e4_sdk_4_20_00_12/source\ti/drivers/lib/drivers_msp432e4.am4fg(UARTMSP432E4.om4fg)
 .rodata.parityType
                0x00008c60       0x14 C:/ti/simplelink_msp432e4_sdk_4_20_00_12/source\ti/drivers/lib/drivers_msp432e4.am4fg(UARTMSP432E4.om4fg)
 .rodata.staticFxnTable
                0x00008c74       0x20 C:/ti/simplelink_msp432e4_sdk_4_20_00_12/source\ti/drivers/lib/drivers_msp432e4.am4fg(UARTMSP432E4.om4fg)
 .rodata.stopBits
                0x00008c94        0x8 C:/ti/simplelink_msp432e4_sdk_4_20_00_12/source\ti/drivers/lib/drivers_msp432e4.am4fg(UARTMSP432E4.om4fg)
 .rodata.g_pui32GPIOBaseAddrs
                0x00008c9c       0x48 C:/ti/simplelink_msp432e4_sdk_4_20_00_12/source\ti/devices/msp432e4/driverlib/lib/gcc/m4f/msp432e4_driverlib.a(gpio.o)
 .rodata.g_pui32Regs
                0x00008ce4       0x9c C:/ti/simplelink_msp432e4_sdk_4_20_00_12/source\ti/devices/msp432e4/driverlib/lib/gcc/m4f/msp432e4_driverlib.a(interrupt.o)
 .rodata.g_pui32EnRegs
                0x00008d80       0x14 C:/ti/simplelink_msp432e4_sdk_4_20_00_12/source\ti/devices/msp432e4/driverlib/lib/gcc/m4f/msp432e4_driverlib.a(interrupt.o)
 .rodata.g_pui32Dii16Regs
                0x00008d94       0x14 C:/ti/simplelink_msp432e4_sdk_4_20_00_12/source\ti/devices/msp432e4/driverlib/lib/gcc/m4f/msp432e4_driverlib.a(interrupt.o)
 .rodata.g_pui32Xtals
                0x00008da8       0x28 C:/ti/simplelink_msp432e4_sdk_4_20_00_12/source\ti/devices/msp432e4/driverlib/lib/gcc/m4f/msp432e4_driverlib.a(sysctl.o)
 .rodata.g_pppui32XTALtoVCO
                0x00008dd0      0x1b0 C:/ti/simplelink_msp432e4_sdk_4_20_00_12/source\ti/devices/msp432e4/driverlib/lib/gcc/m4f/msp432e4_driverlib.a(sysctl.o)
 .rodata.g_sXTALtoMEMTIM
                0x00008f80       0x30 C:/ti/simplelink_msp432e4_sdk_4_20_00_12/source\ti/devices/msp432e4/driverlib/lib/gcc/m4f/msp432e4_driverlib.a(sysctl.o)
 .rodata.g_pui32VCOFrequencies
                0x00008fb0        0x8 C:/ti/simplelink_msp432e4_sdk_4_20_00_12/source\ti/devices/msp432e4/driverlib/lib/gcc/m4f/msp432e4_driverlib.a(sysctl.o)
 .rodata.__sf_fake_stderr
                0x00008fb8       0x20 c:/ti/ccs1020/ccs/tools/compiler/gcc-arm-none-eabi-9-2019-q4-major/bin/../lib/gcc/arm-none-eabi/9.2.1/../../../../arm-none-eabi/lib/thumb/v7e-m+fp/hard\libc_nano.a(lib_a-findfp.o)
                0x00008fb8                __sf_fake_stderr
 .rodata.__sf_fake_stdin
                0x00008fd8       0x20 c:/ti/ccs1020/ccs/tools/compiler/gcc-arm-none-eabi-9-2019-q4-major/bin/../lib/gcc/arm-none-eabi/9.2.1/../../../../arm-none-eabi/lib/thumb/v7e-m+fp/hard\libc_nano.a(lib_a-findfp.o)
                0x00008fd8                __sf_fake_stdin
 .rodata.__sf_fake_stdout
                0x00008ff8       0x20 c:/ti/ccs1020/ccs/tools/compiler/gcc-arm-none-eabi-9-2019-q4-major/bin/../lib/gcc/arm-none-eabi/9.2.1/../../../../arm-none-eabi/lib/thumb/v7e-m+fp/hard\libc_nano.a(lib_a-findfp.o)
                0x00008ff8                __sf_fake_stdout

.rel.dyn        0x00009018        0x0
 .rel.iplt      0x00009018        0x0 ./MLX90614.o

.data           0x20000000      0x1fc load address 0x00009018
                0x00009018                __data_load__ = LOADADDR (.data)
                0x20000000                __data_start__ = .
 *(.data)
 *(.data*)
 .data.gpioPinConfigs
                0x20000000        0x8 ./syscfg/ti_drivers_config.o
                0x20000000                gpioPinConfigs
 .data.PowerMSP432E4_module
                0x20000008      0x16c C:/ti/simplelink_msp432e4_sdk_4_20_00_12/source\ti/drivers/lib/drivers_msp432e4.am4fg(PowerMSP432E4.om4fg)
                0x20000008                PowerMSP432E4_module
 .data.ticksToWait
                0x20000174        0x4 C:/Users/Ravonte/workspace_v10/freertos_builds_MSP_EXP432E401Y_release_gcc/Debug\libfreertos_builds_MSP_EXP432E401Y_release_gcc.a(ClockP_freertos.o)
 .data.HwiP_nvic
                0x20000178        0x4 C:/Users/Ravonte/workspace_v10/freertos_builds_MSP_EXP432E401Y_release_gcc/Debug\libfreertos_builds_MSP_EXP432E401Y_release_gcc.a(HwiPMSP432E4_freertos.o)
 .data.uxTopUsedPriority
                0x2000017c        0x4 C:/Users/Ravonte/workspace_v10/freertos_builds_MSP_EXP432E401Y_release_gcc/Debug\libfreertos_builds_MSP_EXP432E401Y_release_gcc.a(tasks.o)
                0x2000017c                uxTopUsedPriority
 .data.uxCriticalNesting
                0x20000180        0x4 C:/Users/Ravonte/workspace_v10/freertos_builds_MSP_EXP432E401Y_release_gcc/Debug\libfreertos_builds_MSP_EXP432E401Y_release_gcc.a(port.o)
 .data.defaultPthreadAttrs
                0x20000184       0x14 C:/Users/Ravonte/workspace_v10/freertos_builds_MSP_EXP432E401Y_release_gcc/Debug\libfreertos_builds_MSP_EXP432E401Y_release_gcc.a(pthread.o)
 .data._impure_ptr
                0x20000198        0x4 c:/ti/ccs1020/ccs/tools/compiler/gcc-arm-none-eabi-9-2019-q4-major/bin/../lib/gcc/arm-none-eabi/9.2.1/../../../../arm-none-eabi/lib/thumb/v7e-m+fp/hard\libc_nano.a(lib_a-impure.o)
                0x20000198                _impure_ptr
 .data.impure_data
                0x2000019c       0x60 c:/ti/ccs1020/ccs/tools/compiler/gcc-arm-none-eabi-9-2019-q4-major/bin/../lib/gcc/arm-none-eabi/9.2.1/../../../../arm-none-eabi/lib/thumb/v7e-m+fp/hard\libc_nano.a(lib_a-impure.o)
                0x200001fc                . = ALIGN (0x4)
                0x200001fc                __data_end__ = .

.igot.plt       0x200001fc        0x0 load address 0x00009214
 .igot.plt      0x200001fc        0x0 ./MLX90614.o

vtable          0x20000400      0x26c load address 0x00009214
 vtable         0x20000400      0x26c C:/ti/simplelink_msp432e4_sdk_4_20_00_12/source\ti/devices/msp432e4/driverlib/lib/gcc/m4f/msp432e4_driverlib.a(interrupt.o)

.ARM.exidx      0x00009480        0x0
                0x00009480                __exidx_start = .
 *(.ARM.exidx* .gnu.linkonce.armexidx.*)
                0x00009480                __exidx_end = .

.ARM.extab
 *(.ARM.extab* .gnu.linkonce.armextab.*)

.nvs
 *(.nvs)

.bss            0x2000066c    0x20f64
                0x2000066c                __bss_start__ = .
 *(.shbss)
 *(.bss)
 *(.bss.*)
 .bss.slaveAddress
                0x2000066c        0x1 ./MLX90614.o
 *fill*         0x2000066d        0x3 
 .bss.display   0x20000670        0x4 ./MLX90614.o
 .bss.displayUARTBuffer
                0x20000674      0x400 ./syscfg/ti_drivers_config.o
 .bss.gpioCallbackFunctions
                0x20000a74        0x8 ./syscfg/ti_drivers_config.o
                0x20000a74                gpioCallbackFunctions
 .bss.uartMSP432E4RingBuffer0
                0x20000a7c       0x20 ./syscfg/ti_drivers_config.o
 .bss.gpioCallbackInfo
                0x20000a9c       0x90 C:/ti/simplelink_msp432e4_sdk_4_20_00_12/source\ti/drivers/lib/drivers_msp432e4.am4fg(GPIOMSP432E4.om4fg)
 .bss.initCalled
                0x20000b2c        0x1 C:/ti/simplelink_msp432e4_sdk_4_20_00_12/source\ti/drivers/lib/drivers_msp432e4.am4fg(GPIOMSP432E4.om4fg)
 *fill*         0x20000b2d        0x3 
 .bss.initSem.11228
                0x20000b30        0x4 C:/ti/simplelink_msp432e4_sdk_4_20_00_12/source\ti/drivers/lib/drivers_msp432e4.am4fg(GPIOMSP432E4.om4fg)
 .bss.portHwiCreatedBitMask
                0x20000b34        0x4 C:/ti/simplelink_msp432e4_sdk_4_20_00_12/source\ti/drivers/lib/drivers_msp432e4.am4fg(GPIOMSP432E4.om4fg)
 .bss.isInitialized
                0x20000b38        0x1 C:/ti/simplelink_msp432e4_sdk_4_20_00_12/source\ti/drivers/lib/drivers_msp432e4.am4fg(I2C.om4fg)
 .bss.isInitialized
                0x20000b39        0x1 C:/ti/simplelink_msp432e4_sdk_4_20_00_12/source\ti/drivers/lib/drivers_msp432e4.am4fg(UART.om4fg)
 *fill*         0x20000b3a        0x2 
 .bss.HwiP_dispatchTable
                0x20000b3c      0x800 C:/Users/Ravonte/workspace_v10/freertos_builds_MSP_EXP432E401Y_release_gcc/Debug\libfreertos_builds_MSP_EXP432E401Y_release_gcc.a(HwiPMSP432E4_freertos.o)
                0x20000b3c                HwiP_dispatchTable
 .bss.ucHeap    0x2000133c    0x20000 C:/Users/Ravonte/workspace_v10/freertos_builds_MSP_EXP432E401Y_release_gcc/Debug\libfreertos_builds_MSP_EXP432E401Y_release_gcc.a(heap_4.o)
 .bss.xStart    0x2002133c        0x8 C:/Users/Ravonte/workspace_v10/freertos_builds_MSP_EXP432E401Y_release_gcc/Debug\libfreertos_builds_MSP_EXP432E401Y_release_gcc.a(heap_4.o)
 .bss.pxEnd     0x20021344        0x4 C:/Users/Ravonte/workspace_v10/freertos_builds_MSP_EXP432E401Y_release_gcc/Debug\libfreertos_builds_MSP_EXP432E401Y_release_gcc.a(heap_4.o)
 .bss.xFreeBytesRemaining
                0x20021348        0x4 C:/Users/Ravonte/workspace_v10/freertos_builds_MSP_EXP432E401Y_release_gcc/Debug\libfreertos_builds_MSP_EXP432E401Y_release_gcc.a(heap_4.o)
 .bss.xMinimumEverFreeBytesRemaining
                0x2002134c        0x4 C:/Users/Ravonte/workspace_v10/freertos_builds_MSP_EXP432E401Y_release_gcc/Debug\libfreertos_builds_MSP_EXP432E401Y_release_gcc.a(heap_4.o)
 .bss.xNumberOfSuccessfulAllocations
                0x20021350        0x4 C:/Users/Ravonte/workspace_v10/freertos_builds_MSP_EXP432E401Y_release_gcc/Debug\libfreertos_builds_MSP_EXP432E401Y_release_gcc.a(heap_4.o)
 .bss.xNumberOfSuccessfulFrees
                0x20021354        0x4 C:/Users/Ravonte/workspace_v10/freertos_builds_MSP_EXP432E401Y_release_gcc/Debug\libfreertos_builds_MSP_EXP432E401Y_release_gcc.a(heap_4.o)
 .bss.xBlockAllocatedBit
                0x20021358        0x4 C:/Users/Ravonte/workspace_v10/freertos_builds_MSP_EXP432E401Y_release_gcc/Debug\libfreertos_builds_MSP_EXP432E401Y_release_gcc.a(heap_4.o)
 .bss.pxCurrentTCB
                0x2002135c        0x4 C:/Users/Ravonte/workspace_v10/freertos_builds_MSP_EXP432E401Y_release_gcc/Debug\libfreertos_builds_MSP_EXP432E401Y_release_gcc.a(tasks.o)
                0x2002135c                pxCurrentTCB
 .bss.pxReadyTasksLists
                0x20021360       0xc8 C:/Users/Ravonte/workspace_v10/freertos_builds_MSP_EXP432E401Y_release_gcc/Debug\libfreertos_builds_MSP_EXP432E401Y_release_gcc.a(tasks.o)
 .bss.xDelayedTaskList1
                0x20021428       0x14 C:/Users/Ravonte/workspace_v10/freertos_builds_MSP_EXP432E401Y_release_gcc/Debug\libfreertos_builds_MSP_EXP432E401Y_release_gcc.a(tasks.o)
 .bss.xDelayedTaskList2
                0x2002143c       0x14 C:/Users/Ravonte/workspace_v10/freertos_builds_MSP_EXP432E401Y_release_gcc/Debug\libfreertos_builds_MSP_EXP432E401Y_release_gcc.a(tasks.o)
 .bss.pxDelayedTaskList
                0x20021450        0x4 C:/Users/Ravonte/workspace_v10/freertos_builds_MSP_EXP432E401Y_release_gcc/Debug\libfreertos_builds_MSP_EXP432E401Y_release_gcc.a(tasks.o)
 .bss.pxOverflowDelayedTaskList
                0x20021454        0x4 C:/Users/Ravonte/workspace_v10/freertos_builds_MSP_EXP432E401Y_release_gcc/Debug\libfreertos_builds_MSP_EXP432E401Y_release_gcc.a(tasks.o)
 .bss.xPendingReadyList
                0x20021458       0x14 C:/Users/Ravonte/workspace_v10/freertos_builds_MSP_EXP432E401Y_release_gcc/Debug\libfreertos_builds_MSP_EXP432E401Y_release_gcc.a(tasks.o)
 .bss.xTasksWaitingTermination
                0x2002146c       0x14 C:/Users/Ravonte/workspace_v10/freertos_builds_MSP_EXP432E401Y_release_gcc/Debug\libfreertos_builds_MSP_EXP432E401Y_release_gcc.a(tasks.o)
 .bss.uxDeletedTasksWaitingCleanUp
                0x20021480        0x4 C:/Users/Ravonte/workspace_v10/freertos_builds_MSP_EXP432E401Y_release_gcc/Debug\libfreertos_builds_MSP_EXP432E401Y_release_gcc.a(tasks.o)
 .bss.xSuspendedTaskList
                0x20021484       0x14 C:/Users/Ravonte/workspace_v10/freertos_builds_MSP_EXP432E401Y_release_gcc/Debug\libfreertos_builds_MSP_EXP432E401Y_release_gcc.a(tasks.o)
 .bss.uxCurrentNumberOfTasks
                0x20021498        0x4 C:/Users/Ravonte/workspace_v10/freertos_builds_MSP_EXP432E401Y_release_gcc/Debug\libfreertos_builds_MSP_EXP432E401Y_release_gcc.a(tasks.o)
 .bss.xTickCount
                0x2002149c        0x4 C:/Users/Ravonte/workspace_v10/freertos_builds_MSP_EXP432E401Y_release_gcc/Debug\libfreertos_builds_MSP_EXP432E401Y_release_gcc.a(tasks.o)
 .bss.uxTopReadyPriority
                0x200214a0        0x4 C:/Users/Ravonte/workspace_v10/freertos_builds_MSP_EXP432E401Y_release_gcc/Debug\libfreertos_builds_MSP_EXP432E401Y_release_gcc.a(tasks.o)
 .bss.xSchedulerRunning
                0x200214a4        0x4 C:/Users/Ravonte/workspace_v10/freertos_builds_MSP_EXP432E401Y_release_gcc/Debug\libfreertos_builds_MSP_EXP432E401Y_release_gcc.a(tasks.o)
 .bss.xPendedTicks
                0x200214a8        0x4 C:/Users/Ravonte/workspace_v10/freertos_builds_MSP_EXP432E401Y_release_gcc/Debug\libfreertos_builds_MSP_EXP432E401Y_release_gcc.a(tasks.o)
 .bss.xYieldPending
                0x200214ac        0x4 C:/Users/Ravonte/workspace_v10/freertos_builds_MSP_EXP432E401Y_release_gcc/Debug\libfreertos_builds_MSP_EXP432E401Y_release_gcc.a(tasks.o)
 .bss.xNumOfOverflows
                0x200214b0        0x4 C:/Users/Ravonte/workspace_v10/freertos_builds_MSP_EXP432E401Y_release_gcc/Debug\libfreertos_builds_MSP_EXP432E401Y_release_gcc.a(tasks.o)
 .bss.uxTaskNumber
                0x200214b4        0x4 C:/Users/Ravonte/workspace_v10/freertos_builds_MSP_EXP432E401Y_release_gcc/Debug\libfreertos_builds_MSP_EXP432E401Y_release_gcc.a(tasks.o)
 .bss.xNextTaskUnblockTime
                0x200214b8        0x4 C:/Users/Ravonte/workspace_v10/freertos_builds_MSP_EXP432E401Y_release_gcc/Debug\libfreertos_builds_MSP_EXP432E401Y_release_gcc.a(tasks.o)
 .bss.xIdleTaskHandle
                0x200214bc        0x4 C:/Users/Ravonte/workspace_v10/freertos_builds_MSP_EXP432E401Y_release_gcc/Debug\libfreertos_builds_MSP_EXP432E401Y_release_gcc.a(tasks.o)
 .bss.uxSchedulerSuspended
                0x200214c0        0x4 C:/Users/Ravonte/workspace_v10/freertos_builds_MSP_EXP432E401Y_release_gcc/Debug\libfreertos_builds_MSP_EXP432E401Y_release_gcc.a(tasks.o)
 .bss.xActiveTimerList1
                0x200214c4       0x14 C:/Users/Ravonte/workspace_v10/freertos_builds_MSP_EXP432E401Y_release_gcc/Debug\libfreertos_builds_MSP_EXP432E401Y_release_gcc.a(timers.o)
 .bss.xActiveTimerList2
                0x200214d8       0x14 C:/Users/Ravonte/workspace_v10/freertos_builds_MSP_EXP432E401Y_release_gcc/Debug\libfreertos_builds_MSP_EXP432E401Y_release_gcc.a(timers.o)
 .bss.pxCurrentTimerList
                0x200214ec        0x4 C:/Users/Ravonte/workspace_v10/freertos_builds_MSP_EXP432E401Y_release_gcc/Debug\libfreertos_builds_MSP_EXP432E401Y_release_gcc.a(timers.o)
 .bss.pxOverflowTimerList